Component: ARM Compiler 5.06 update 7 (build 960) Tool: armlink [4d3601]

==============================================================================

Section Cross References

    startup_stm32f401xc.o(RESET) refers to startup_stm32f401xc.o(STACK) for __initial_sp
    startup_stm32f401xc.o(RESET) refers to startup_stm32f401xc.o(.text) for Reset_Handler
    startup_stm32f401xc.o(RESET) refers to stm32f4xx_it.o(i.NMI_Handler) for NMI_Handler
    startup_stm32f401xc.o(RESET) refers to stm32f4xx_it.o(i.HardFault_Handler) for HardFault_Handler
    startup_stm32f401xc.o(RESET) refers to stm32f4xx_it.o(i.MemManage_Handler) for MemManage_Handler
    startup_stm32f401xc.o(RESET) refers to stm32f4xx_it.o(i.BusFault_Handler) for BusFault_Handler
    startup_stm32f401xc.o(RESET) refers to stm32f4xx_it.o(i.UsageFault_Handler) for UsageFault_Handler
    startup_stm32f401xc.o(RESET) refers to stm32f4xx_it.o(i.SVC_Handler) for SVC_Handler
    startup_stm32f401xc.o(RESET) refers to stm32f4xx_it.o(i.DebugMon_Handler) for DebugMon_Handler
    startup_stm32f401xc.o(RESET) refers to stm32f4xx_it.o(i.PendSV_Handler) for PendSV_Handler
    startup_stm32f401xc.o(RESET) refers to stm32f4xx_it.o(i.SysTick_Handler) for SysTick_Handler
    startup_stm32f401xc.o(RESET) refers to stm32f4xx_it.o(i.EXTI9_5_IRQHandler) for EXTI9_5_IRQHandler
    startup_stm32f401xc.o(RESET) refers to stm32f4xx_it.o(i.TIM1_UP_TIM10_IRQHandler) for TIM1_UP_TIM10_IRQHandler
    startup_stm32f401xc.o(RESET) refers to stm32f4xx_it.o(i.EXTI15_10_IRQHandler) for EXTI15_10_IRQHandler
    startup_stm32f401xc.o(.text) refers to system_stm32f4xx.o(i.SystemInit) for SystemInit
    startup_stm32f401xc.o(.text) refers to entry.o(.ARM.Collect$$$$00000000) for __main
    main.o(i.SystemClock_Config) refers to memseta.o(.text) for __aeabi_memclr4
    main.o(i.SystemClock_Config) refers to stm32f4xx_hal_rcc.o(i.HAL_RCC_OscConfig) for HAL_RCC_OscConfig
    main.o(i.SystemClock_Config) refers to stm32f4xx_hal_rcc.o(i.HAL_RCC_ClockConfig) for HAL_RCC_ClockConfig
    main.o(i.main) refers to stm32f4xx_hal.o(i.HAL_Init) for HAL_Init
    main.o(i.main) refers to main.o(i.SystemClock_Config) for SystemClock_Config
    main.o(i.main) refers to gpio.o(i.MX_GPIO_Init) for MX_GPIO_Init
    main.o(i.main) refers to usart.o(i.MX_USART1_UART_Init) for MX_USART1_UART_Init
    main.o(i.main) refers to tim.o(i.MX_TIM2_Init) for MX_TIM2_Init
    main.o(i.main) refers to tim.o(i.MX_TIM11_Init) for MX_TIM11_Init
    main.o(i.main) refers to tim.o(i.MX_TIM10_Init) for MX_TIM10_Init
    main.o(i.main) refers to stm32f4xx_hal_tim.o(i.HAL_TIM_Base_Start_IT) for HAL_TIM_Base_Start_IT
    main.o(i.main) refers to stm32f4xx_hal_tim.o(i.HAL_TIM_PWM_Start) for HAL_TIM_PWM_Start
    main.o(i.main) refers to matkeyboard.o(i.CH452Init) for CH452Init
    main.o(i.main) refers to st7565.o(i.LCD_Init) for LCD_Init
    main.o(i.main) refers to gui.o(i.gui_init) for gui_init
    main.o(i.main) refers to st7565.o(i.LCD_ShowStr) for LCD_ShowStr
    main.o(i.main) refers to gui.o(i.gui_line0Updt_from_keypad) for gui_line0Updt_from_keypad
    main.o(i.main) refers to tim.o(.bss) for htim10
    main.o(i.main) refers to matkeyboard.o(.data) for Key_updateFlag
    gpio.o(i.MX_GPIO_Init) refers to memseta.o(.text) for __aeabi_memclr4
    gpio.o(i.MX_GPIO_Init) refers to stm32f4xx_hal_gpio.o(i.HAL_GPIO_WritePin) for HAL_GPIO_WritePin
    gpio.o(i.MX_GPIO_Init) refers to stm32f4xx_hal_gpio.o(i.HAL_GPIO_Init) for HAL_GPIO_Init
    gpio.o(i.MX_GPIO_Init) refers to stm32f4xx_hal_cortex.o(i.HAL_NVIC_SetPriority) for HAL_NVIC_SetPriority
    gpio.o(i.MX_GPIO_Init) refers to stm32f4xx_hal_cortex.o(i.HAL_NVIC_EnableIRQ) for HAL_NVIC_EnableIRQ
    tim.o(i.HAL_TIM_Base_MspDeInit) refers to stm32f4xx_hal_cortex.o(i.HAL_NVIC_DisableIRQ) for HAL_NVIC_DisableIRQ
    tim.o(i.HAL_TIM_Base_MspInit) refers to stm32f4xx_hal_cortex.o(i.HAL_NVIC_SetPriority) for HAL_NVIC_SetPriority
    tim.o(i.HAL_TIM_Base_MspInit) refers to stm32f4xx_hal_cortex.o(i.HAL_NVIC_EnableIRQ) for HAL_NVIC_EnableIRQ
    tim.o(i.HAL_TIM_MspPostInit) refers to memseta.o(.text) for __aeabi_memclr4
    tim.o(i.HAL_TIM_MspPostInit) refers to stm32f4xx_hal_gpio.o(i.HAL_GPIO_Init) for HAL_GPIO_Init
    tim.o(i.HAL_TIM_PeriodElapsedCallback) refers to led.o(i.LED_Grad) for LED_Grad
    tim.o(i.HAL_TIM_PeriodElapsedCallback) refers to gui.o(i.gui_updtCursor_tim10_500ms) for gui_updtCursor_tim10_500ms
    tim.o(i.HAL_TIM_PeriodElapsedCallback) refers to tim.o(.bss) for .bss
    tim.o(i.HAL_TIM_PeriodElapsedCallback) refers to tim.o(.data) for .data
    tim.o(i.MX_TIM10_Init) refers to stm32f4xx_hal_tim.o(i.HAL_TIM_Base_Init) for HAL_TIM_Base_Init
    tim.o(i.MX_TIM10_Init) refers to main.o(i.Error_Handler) for Error_Handler
    tim.o(i.MX_TIM10_Init) refers to tim.o(.bss) for .bss
    tim.o(i.MX_TIM11_Init) refers to stm32f4xx_hal_tim.o(i.HAL_TIM_Base_Init) for HAL_TIM_Base_Init
    tim.o(i.MX_TIM11_Init) refers to main.o(i.Error_Handler) for Error_Handler
[...]
    Removing stm32f4xx_hal_pwr_ex.o(.rev16_text), (4 bytes).
    Removing stm32f4xx_hal_pwr_ex.o(.revsh_text), (4 bytes).
    Removing stm32f4xx_hal_pwr_ex.o(.rrx_text), (6 bytes).
    Removing stm32f4xx_hal_pwr_ex.o(i.HAL_PWREx_ControlVoltageScaling), (172 bytes).
    Removing stm32f4xx_hal_pwr_ex.o(i.HAL_PWREx_DisableBkUpReg), (60 bytes).
    Removing stm32f4xx_hal_pwr_ex.o(i.HAL_PWREx_DisableFlashPowerDown), (12 bytes).
    Removing stm32f4xx_hal_pwr_ex.o(i.HAL_PWREx_DisableLowRegulatorLowVoltage), (12 bytes).
    Removing stm32f4xx_hal_pwr_ex.o(i.HAL_PWREx_DisableMainRegulatorLowVoltage), (12 bytes).
    Removing stm32f4xx_hal_pwr_ex.o(i.HAL_PWREx_EnableBkUpReg), (60 bytes).
    Removing stm32f4xx_hal_pwr_ex.o(i.HAL_PWREx_EnableFlashPowerDown), (12 bytes).
    Removing stm32f4xx_hal_pwr_ex.o(i.HAL_PWREx_EnableLowRegulatorLowVoltage), (12 bytes).
    Removing stm32f4xx_hal_pwr_ex.o(i.HAL_PWREx_EnableMainRegulatorLowVoltage), (12 bytes).
    Removing stm32f4xx_hal_pwr_ex.o(i.HAL_PWREx_GetVoltageRange), (16 bytes).
    Removing stm32f4xx_hal_cortex.o(.rev16_text), (4 bytes).
    Removing stm32f4xx_hal_cortex.o(.revsh_text), (4 bytes).
    Removing stm32f4xx_hal_cortex.o(.rrx_text), (6 bytes).
    Removing stm32f4xx_hal_cortex.o(i.HAL_MPU_ConfigRegion), (84 bytes).
    Removing stm32f4xx_hal_cortex.o(i.HAL_MPU_Disable), (28 bytes).
    Removing stm32f4xx_hal_cortex.o(i.HAL_MPU_Enable), (36 bytes).
    Removing stm32f4xx_hal_cortex.o(i.HAL_NVIC_ClearPendingIRQ), (26 bytes).
    Removing stm32f4xx_hal_cortex.o(i.HAL_NVIC_DisableIRQ), (34 bytes).
    Removing stm32f4xx_hal_cortex.o(i.HAL_NVIC_GetActive), (36 bytes).
    Removing stm32f4xx_hal_cortex.o(i.HAL_NVIC_GetPendingIRQ), (36 bytes).
    Removing stm32f4xx_hal_cortex.o(i.HAL_NVIC_GetPriority), (84 bytes).
    Removing stm32f4xx_hal_cortex.o(i.HAL_NVIC_GetPriorityGrouping), (16 bytes).
    Removing stm32f4xx_hal_cortex.o(i.HAL_NVIC_SetPendingIRQ), (26 bytes).
    Removing stm32f4xx_hal_cortex.o(i.HAL_NVIC_SystemReset), (36 bytes).
    Removing stm32f4xx_hal_cortex.o(i.HAL_SYSTICK_CLKSourceConfig), (24 bytes).
    Removing stm32f4xx_hal_cortex.o(i.HAL_SYSTICK_Callback), (2 bytes).
    Removing stm32f4xx_hal_cortex.o(i.HAL_SYSTICK_IRQHandler), (8 bytes).
    Removing stm32f4xx_hal.o(.rev16_text), (4 bytes).
    Removing stm32f4xx_hal.o(.revsh_text), (4 bytes).
    Removing stm32f4xx_hal.o(.rrx_text), (6 bytes).
    Removing stm32f4xx_hal.o(i.HAL_DBGMCU_DisableDBGSleepMode), (16 bytes).
    Removing stm32f4xx_hal.o(i.HAL_DBGMCU_DisableDBGStandbyMode), (16 bytes).
    Removing stm32f4xx_hal.o(i.HAL_DBGMCU_DisableDBGStopMode), (16 bytes).
    Removing stm32f4xx_hal.o(i.HAL_DBGMCU_EnableDBGSleepMode), (16 bytes).
    Removing stm32f4xx_hal.o(i.HAL_DBGMCU_EnableDBGStandbyMode), (16 bytes).
    Removing stm32f4xx_hal.o(i.HAL_DBGMCU_EnableDBGStopMode), (16 bytes).
    Removing stm32f4xx_hal.o(i.HAL_DeInit), (52 bytes).
    Removing stm32f4xx_hal.o(i.HAL_DisableCompensationCell), (12 bytes).
    Removing stm32f4xx_hal.o(i.HAL_EnableCompensationCell), (12 bytes).
    Removing stm32f4xx_hal.o(i.HAL_GetDEVID), (16 bytes).
    Removing stm32f4xx_hal.o(i.HAL_GetHalVersion), (8 bytes).
    Removing stm32f4xx_hal.o(i.HAL_GetREVID), (12 bytes).
    Removing stm32f4xx_hal.o(i.HAL_GetTickFreq), (12 bytes).
    Removing stm32f4xx_hal.o(i.HAL_GetTickPrio), (12 bytes).
    Removing stm32f4xx_hal.o(i.HAL_GetUIDw0), (12 bytes).
    Removing stm32f4xx_hal.o(i.HAL_GetUIDw1), (12 bytes).
    Removing stm32f4xx_hal.o(i.HAL_GetUIDw2), (12 bytes).
    Removing stm32f4xx_hal.o(i.HAL_MspDeInit), (2 bytes).
    Removing stm32f4xx_hal.o(i.HAL_MspInit), (2 bytes).
    Removing stm32f4xx_hal.o(i.HAL_ResumeTick), (14 bytes).
    Removing stm32f4xx_hal.o(i.HAL_SetTickFreq), (36 bytes).
    Removing stm32f4xx_hal.o(i.HAL_SuspendTick), (14 bytes).
    Removing stm32f4xx_hal_exti.o(.rev16_text), (4 bytes).
    Removing stm32f4xx_hal_exti.o(.revsh_text), (4 bytes).
    Removing stm32f4xx_hal_exti.o(.rrx_text), (6 bytes).
    Removing stm32f4xx_hal_exti.o(i.HAL_EXTI_ClearConfigLine), (108 bytes).
    Removing stm32f4xx_hal_exti.o(i.HAL_EXTI_ClearPending), (20 bytes).
    Removing stm32f4xx_hal_exti.o(i.HAL_EXTI_GenerateSWI), (20 bytes).
    Removing stm32f4xx_hal_exti.o(i.HAL_EXTI_GetConfigLine), (148 bytes).
    Removing stm32f4xx_hal_exti.o(i.HAL_EXTI_GetHandle), (12 bytes).
    Removing stm32f4xx_hal_exti.o(i.HAL_EXTI_GetPending), (24 bytes).
    Removing stm32f4xx_hal_exti.o(i.HAL_EXTI_IRQHandler), (36 bytes).
    Removing stm32f4xx_hal_exti.o(i.HAL_EXTI_RegisterCallback), (14 bytes).
    Removing stm32f4xx_hal_exti.o(i.HAL_EXTI_SetConfigLine), (168 bytes).
    Removing stm32f4xx_hal_uart.o(.rev16_text), (4 bytes).
    Removing stm32f4xx_hal_uart.o(.revsh_text), (4 bytes).
    Removing stm32f4xx_hal_uart.o(.rrx_text), (6 bytes).
    Removing stm32f4xx_hal_uart.o(i.HAL_HalfDuplex_EnableReceiver), (50 bytes).
    Removing stm32f4xx_hal_uart.o(i.HAL_HalfDuplex_EnableTransmitter), (50 bytes).
    Removing stm32f4xx_hal_uart.o(i.HAL_HalfDuplex_Init), (108 bytes).
    Removing stm32f4xx_hal_uart.o(i.HAL_LIN_Init), (128 bytes).
    Removing stm32f4xx_hal_uart.o(i.HAL_LIN_SendBreak), (60 bytes).
    Removing stm32f4xx_hal_uart.o(i.HAL_MultiProcessor_EnterMuteMode), (60 bytes).
    Removing stm32f4xx_hal_uart.o(i.HAL_MultiProcessor_ExitMuteMode), (60 bytes).
    Removing stm32f4xx_hal_uart.o(i.HAL_MultiProcessor_Init), (142 bytes).
    Removing stm32f4xx_hal_uart.o(i.HAL_UARTEx_ReceiveToIdle), (248 bytes).
    Removing stm32f4xx_hal_uart.o(i.HAL_UARTEx_ReceiveToIdle_DMA), (94 bytes).
    Removing stm32f4xx_hal_uart.o(i.HAL_UARTEx_ReceiveToIdle_IT), (94 bytes).
    Removing stm32f4xx_hal_uart.o(i.HAL_UARTEx_RxEventCallback), (2 bytes).
    Removing stm32f4xx_hal_uart.o(i.HAL_UART_Abort), (210 bytes).
    Removing stm32f4xx_hal_uart.o(i.HAL_UART_AbortCpltCallback), (2 bytes).
    Removing stm32f4xx_hal_uart.o(i.HAL_UART_AbortReceive), (148 bytes).
    Removing stm32f4xx_hal_uart.o(i.HAL_UART_AbortReceiveCpltCallback), (2 bytes).
    Removing stm32f4xx_hal_uart.o(i.HAL_UART_AbortReceive_IT), (152 bytes).
    Removing stm32f4xx_hal_uart.o(i.HAL_UART_AbortTransmit), (98 bytes).
    Removing stm32f4xx_hal_uart.o(i.HAL_UART_AbortTransmitCpltCallback), (2 bytes).
    Removing stm32f4xx_hal_uart.o(i.HAL_UART_AbortTransmit_IT), (100 bytes).
    Removing stm32f4xx_hal_uart.o(i.HAL_UART_Abort_IT), (244 bytes).
    Removing stm32f4xx_hal_uart.o(i.HAL_UART_DMAPause), (146 bytes).
    Removing stm32f4xx_hal_uart.o(i.HAL_UART_DMAResume), (136 bytes).
    Removing stm32f4xx_hal_uart.o(i.HAL_UART_DMAStop), (112 bytes).
    Removing stm32f4xx_hal_uart.o(i.HAL_UART_DeInit), (52 bytes).
    Removing stm32f4xx_hal_uart.o(i.HAL_UART_ErrorCallback), (2 bytes).
    Removing stm32f4xx_hal_uart.o(i.HAL_UART_GetError), (4 bytes).
    Removing stm32f4xx_hal_uart.o(i.HAL_UART_GetState), (10 bytes).
    Removing stm32f4xx_hal_uart.o(i.HAL_UART_IRQHandler), (616 bytes).
    Removing stm32f4xx_hal_uart.o(i.HAL_UART_MspDeInit), (2 bytes).
    Removing stm32f4xx_hal_uart.o(i.HAL_UART_MspInit), (2 bytes).
    Removing stm32f4xx_hal_uart.o(i.HAL_UART_Receive), (196 bytes).
    Removing stm32f4xx_hal_uart.o(i.HAL_UART_Receive_DMA), (42 bytes).
    Removing stm32f4xx_hal_uart.o(i.HAL_UART_Receive_IT), (42 bytes).
    Removing stm32f4xx_hal_uart.o(i.HAL_UART_RxCpltCallback), (2 bytes).
    Removing stm32f4xx_hal_uart.o(i.HAL_UART_RxHalfCpltCallback), (2 bytes).
    Removing stm32f4xx_hal_uart.o(i.HAL_UART_Transmit_DMA), (140 bytes).
    Removing stm32f4xx_hal_uart.o(i.HAL_UART_Transmit_IT), (62 bytes).
    Removing stm32f4xx_hal_uart.o(i.HAL_UART_TxCpltCallback), (2 bytes).
    Removing stm32f4xx_hal_uart.o(i.HAL_UART_TxHalfCpltCallback), (2 bytes).
    Removing stm32f4xx_hal_uart.o(i.UART_DMAAbortOnError), (16 bytes).
    Removing stm32f4xx_hal_uart.o(i.UART_DMAError), (74 bytes).
    Removing stm32f4xx_hal_uart.o(i.UART_DMAReceiveCplt), (130 bytes).
    Removing stm32f4xx_hal_uart.o(i.UART_DMARxAbortCallback), (44 bytes).
    Removing stm32f4xx_hal_uart.o(i.UART_DMARxHalfCplt), (26 bytes).
    Removing stm32f4xx_hal_uart.o(i.UART_DMARxOnlyAbortCallback), (22 bytes).
    Removing stm32f4xx_hal_uart.o(i.UART_DMATransmitCplt), (66 bytes).
    Removing stm32f4xx_hal_uart.o(i.UART_DMATxAbortCallback), (44 bytes).
    Removing stm32f4xx_hal_uart.o(i.UART_DMATxHalfCplt), (10 bytes).
    Removing stm32f4xx_hal_uart.o(i.UART_DMATxOnlyAbortCallback), (20 bytes).
    Removing stm32f4xx_hal_uart.o(i.UART_EndRxTransfer), (78 bytes).
    Removing stm32f4xx_hal_uart.o(i.UART_EndTxTransfer), (28 bytes).
    Removing stm32f4xx_hal_uart.o(i.UART_Receive_IT), (192 bytes).
    Removing stm32f4xx_hal_uart.o(i.UART_Start_Receive_DMA), (148 bytes).
    Removing stm32f4xx_hal_uart.o(i.UART_Start_Receive_IT), (54 bytes).
    Removing system_stm32f4xx.o(.rev16_text), (4 bytes).
    Removing system_stm32f4xx.o(.revsh_text), (4 bytes).
    Removing system_stm32f4xx.o(.rrx_text), (6 bytes).
    Removing system_stm32f4xx.o(i.SystemCoreClockUpdate), (120 bytes).
    Removing font.o(.rev16_text), (4 bytes).
    Removing font.o(.revsh_text), (4 bytes).
    Removing font.o(.rrx_text), (6 bytes).
    Removing font.o(.constdata), (384 bytes).
    Removing led.o(.rev16_text), (4 bytes).
    Removing led.o(.revsh_text), (4 bytes).
    Removing led.o(.rrx_text), (6 bytes).
    Removing matkeyboard.o(.rev16_text), (4 bytes).
    Removing matkeyboard.o(.revsh_text), (4 bytes).
    Removing matkeyboard.o(.rrx_text), (6 bytes).
    Removing sdcard.o(.rev16_text), (4 bytes).
    Removing sdcard.o(.revsh_text), (4 bytes).
    Removing sdcard.o(.rrx_text), (6 bytes).
    Removing st7565.o(.rev16_text), (4 bytes).
    Removing st7565.o(.revsh_text), (4 bytes).
    Removing st7565.o(.rrx_text), (6 bytes).
    Removing st7565.o(i.LCD_DispBmp), (86 bytes).
    Removing st7565.o(i.LCD_Fill), (52 bytes).
    Removing st7565.o(i.LCD_PowerSave), (24 bytes).
    Removing st7565.o(i.LCD_SetContrast), (20 bytes).
    Removing st7565.o(i.LCD_ShowNum), (220 bytes).
    Removing dadd.o(.text), (334 bytes).
    Removing dmul.o(.text), (228 bytes).
    Removing ddiv.o(.text), (222 bytes).
    Removing dfixul.o(.text), (48 bytes).
    Removing cdrcmple.o(.text), (48 bytes).
    Removing depilogue.o(.text), (186 bytes).

553 unused section(s) (total 250188 bytes) removed from the image.

==============================================================================

Image Symbol Table

    Local Symbols

    Symbol Name                              Value     Ov Type        Size  Object(Section)

    ../Core/Src/gpio.c                       0x00000000   Number         0  gpio.o ABSOLUTE
    ../Core/Src/main.c                       0x00000000   Number         0  main.o ABSOLUTE
    ../Core/Src/stm32f4xx_hal_msp.c          0x00000000   Number         0  stm32f4xx_hal_msp.o ABSOLUTE
    ../Core/Src/stm32f4xx_it.c               0x00000000   Number         0  stm32f4xx_it.o ABSOLUTE
    ../Core/Src/system_stm32f4xx.c           0x00000000   Number         0  system_stm32f4xx.o ABSOLUTE
    ../Core/Src/tim.c                        0x00000000   Number         0  tim.o ABSOLUTE
    ../Core/Src/usart.c                      0x00000000   Number         0  usart.o ABSOLUTE
    ../Drivers/STM32F4xx_HAL_Driver/Src/stm32f4xx_hal.c 0x00000000   Number         0  stm32f4xx_hal.o ABSOLUTE
    ../Drivers/STM32F4xx_HAL_Driver/Src/stm32f4xx_hal_cortex.c 0x00000000   Number         0  stm32f4xx_hal_cortex.o ABSOLUTE
    ../Drivers/STM32F4xx_HAL_Driver/Src/stm32f4xx_hal_dma.c 0x00000000   Number         0  stm32f4xx_hal_dma.o ABSOLUTE
    ../Drivers/STM32F4xx_HAL_Driver/Src/stm32f4xx_hal_dma_ex.c 0x00000000   Number         0  stm32f4xx_hal_dma_ex.o ABSOLUTE
    ../Drivers/STM32F4xx_HAL_Driver/Src/stm32f4xx_hal_exti.c 0x00000000   Number         0  stm32f4xx_hal_exti.o ABSOLUTE
    ../Drivers/STM32F4xx_HAL_Driver/Src/stm32f4xx_hal_flash.c 0x00000000   Number         0  stm32f4xx_hal_flash.o ABSOLUTE
    ../Drivers/STM32F4xx_HAL_Driver/Src/stm32f4xx_hal_flash_ex.c 0x00000000   Number         0  stm32f4xx_hal_flash_ex.o ABSOLUTE
    ../Drivers/STM32F4xx_HAL_Driver/Src/stm32f4xx_hal_flash_ramfunc.c 0x00000000   Number         0  stm32f4xx_hal_flash_ramfunc.o ABSOLUTE
    ../Drivers/STM32F4xx_HAL_Driver/Src/stm32f4xx_hal_gpio.c 0x00000000   Number         0  stm32f4xx_hal_gpio.o ABSOLUTE
    ../Drivers/STM32F4xx_HAL_Driver/Src/stm32f4xx_hal_pwr.c 0x00000000   Number         0  stm32f4xx_hal_pwr.o ABSOLUTE
    ../Drivers/STM32F4xx_HAL_Driver/Src/stm32f4xx_hal_pwr_ex.c 0x00000000   Number         0  stm32f4xx_hal_pwr_ex.o ABSOLUTE
    ../Drivers/STM32F4xx_HAL_Driver/Src/stm32f4xx_hal_rcc.c 0x00000000   Number         0  stm32f4xx_hal_rcc.o ABSOLUTE
    ../Drivers/STM32F4xx_HAL_Driver/Src/stm32f4xx_hal_rcc_ex.c 0x00000000   Number         0  stm32f4xx_hal_rcc_ex.o ABSOLUTE
    ../Drivers/STM32F4xx_HAL_Driver/Src/stm32f4xx_hal_tim.c 0x00000000   Number         0  stm32f4xx_hal_tim.o ABSOLUTE
    ../Drivers/STM32F4xx_HAL_Driver/Src/stm32f4xx_hal_tim_ex.c 0x00000000   Number         0  stm32f4xx_hal_tim_ex.o ABSOLUTE
    ../Drivers/STM32F4xx_HAL_Driver/Src/stm32f4xx_hal_uart.c 0x00000000   Number         0  stm32f4xx_hal_uart.o ABSOLUTE
    ../clib/../cmprslib/zerorunl.c           0x00000000   Number         0  __dczerorl.o ABSOLUTE
    ../clib/microlib/division.c              0x00000000   Number         0  uidiv.o ABSOLUTE
    ../clib/microlib/division.c              0x00000000   Number         0  uldiv.o ABSOLUTE
    ../clib/microlib/init/entry.s            0x00000000   Number         0  entry9b.o ABSOLUTE
    ../clib/microlib/init/entry.s            0x00000000   Number         0  entry10a.o ABSOLUTE
    ../clib/microlib/init/entry.s            0x00000000   Number         0  entry10b.o ABSOLUTE
    ../clib/microlib/init/entry.s            0x00000000   Number         0  entry11a.o ABSOLUTE
    ../clib/microlib/init/entry.s            0x00000000   Number         0  entry2.o ABSOLUTE
    ../clib/microlib/init/entry.s            0x00000000   Number         0  entry.o ABSOLUTE
    ../clib/microlib/init/entry.s            0x00000000   Number         0  entry11b.o ABSOLUTE
    ../clib/microlib/init/entry.s            0x00000000   Number         0  entry12a.o ABSOLUTE
    ../clib/microlib/init/entry.s            0x00000000   Number         0  entry5.o ABSOLUTE
    ../clib/microlib/init/entry.s            0x00000000   Number         0  entry7b.o ABSOLUTE
    ../clib/microlib/init/entry.s            0x00000000   Number         0  entry8a.o ABSOLUTE
    ../clib/microlib/init/entry.s            0x00000000   Number         0  entry9a.o ABSOLUTE
    ../clib/microlib/init/entry.s            0x00000000   Number         0  entry7a.o ABSOLUTE
    ../clib/microlib/init/entry.s            0x00000000   Number         0  entry12b.o ABSOLUTE
    ../clib/microlib/init/entry.s            0x00000000   Number         0  entry8b.o ABSOLUTE
    ../clib/microlib/longlong.c              0x00000000   Number         0  llushr.o ABSOLUTE
    ../clib/microlib/longlong.c              0x00000000   Number         0  llsshr.o ABSOLUTE
    ../clib/microlib/longlong.c              0x00000000   Number         0  llshl.o ABSOLUTE
    ../clib/microlib/malloc/malloc.c         0x00000000   Number         0  malloc.o ABSOLUTE
    ../clib/microlib/malloc/malloc.c         0x00000000   Number         0  malloca.o ABSOLUTE
    ../clib/microlib/malloc/malloc.c         0x00000000   Number         0  mallocra.o ABSOLUTE
    ../clib/microlib/malloc/malloc.c         0x00000000   Number         0  mallocr.o ABSOLUTE
    ../clib/microlib/malloc/mvars.c          0x00000000   Number         0  mvars.o ABSOLUTE
    ../clib/microlib/printf/printf.c         0x00000000   Number         0  printf0.o ABSOLUTE
    ../clib/microlib/printf/printf.c         0x00000000   Number         0  printf1.o ABSOLUTE
    ../clib/microlib/printf/printf.c         0x00000000   Number         0  printf2.o ABSOLUTE
    ../clib/microlib/printf/printf.c         0x00000000   Number         0  printf4.o ABSOLUTE
    ../clib/microlib/printf/printf.c         0x00000000   Number         0  printf5.o ABSOLUTE
    ../clib/microlib/printf/printf.c         0x00000000   Number         0  printfa.o ABSOLUTE
    ../clib/microlib/printf/printf.c         0x00000000   Number         0  printf8.o ABSOLUTE
    ../clib/microlib/printf/printf.c         0x00000000   Number         0  printf3.o ABSOLUTE
    ../clib/microlib/printf/printf.c         0x00000000   Number         0  printf7.o ABSOLUTE
    ../clib/microlib/printf/printf.c         0x00000000   Number         0  printf6.o ABSOLUTE
    ../clib/microlib/printf/printf.c         0x00000000   Number         0  printfb.o ABSOLUTE
    ../clib/microlib/printf/stubs.s          0x00000000   Number         0  stubs.o ABSOLUTE
    ../clib/microlib/stdio/streams.c         0x00000000   Number         0  stdout.o ABSOLUTE
    ../clib/microlib/string/memcpy.c         0x00000000   Number         0  memcpya.o ABSOLUTE
    ../clib/microlib/string/memcpy.c         0x00000000   Number         0  memcpyb.o ABSOLUTE
    ../clib/microlib/string/memset.c         0x00000000   Number         0  memseta.o ABSOLUTE
    ../clib/microlib/string/strlen.c         0x00000000   Number         0  strlen.o ABSOLUTE
    ../clib/microlib/stubs.s                 0x00000000   Number         0  iusefp.o ABSOLUTE
    ../fplib/microlib/fpadd.c                0x00000000   Number         0  dadd.o ABSOLUTE
    ../fplib/microlib/fpdiv.c                0x00000000   Number         0  ddiv.o ABSOLUTE
    ../fplib/microlib/fpepilogue.c           0x00000000   Number         0  depilogue.o ABSOLUTE
    ../fplib/microlib/fpfix.c                0x00000000   Number         0  dfixul.o ABSOLUTE
    ../fplib/microlib/fpmul.c                0x00000000   Number         0  dmul.o ABSOLUTE
    ..\Core\Src\gpio.c                       0x00000000   Number         0  gpio.o ABSOLUTE
    ..\Core\Src\main.c                       0x00000000   Number         0  main.o ABSOLUTE
    ..\Core\Src\stm32f4xx_hal_msp.c          0x00000000   Number         0  stm32f4xx_hal_msp.o ABSOLUTE
    ..\Core\Src\stm32f4xx_it.c               0x00000000   Number         0  stm32f4xx_it.o ABSOLUTE
    ..\Core\Src\system_stm32f4xx.c           0x00000000   Number         0  system_stm32f4xx.o ABSOLUTE
    ..\Core\Src\tim.c                        0x00000000   Number         0  tim.o ABSOLUTE
    ..\Core\Src\usart.c                      0x00000000   Number         0  usart.o ABSOLUTE
    ..\Drivers\STM32F4xx_HAL_Driver\Src\stm32f4xx_hal.c 0x00000000   Number         0  stm32f4xx_hal.o ABSOLUTE
    ..\Drivers\STM32F4xx_HAL_Driver\Src\stm32f4xx_hal_cortex.c 0x00000000   Number         0  stm32f4xx_hal_cortex.o ABSOLUTE
    ..\Drivers\STM32F4xx_HAL_Driver\Src\stm32f4xx_hal_dma.c 0x00000000   Number         0  stm32f4xx_hal_dma.o ABSOLUTE
    ..\Drivers\STM32F4xx_HAL_Driver\Src\stm32f4xx_hal_dma_ex.c 0x00000000   Number         0  stm32f4xx_hal_dma_ex.o ABSOLUTE
    ..\Drivers\STM32F4xx_HAL_Driver\Src\stm32f4xx_hal_exti.c 0x00000000   Number         0  stm32f4xx_hal_exti.o ABSOLUTE
    ..\Drivers\STM32F4xx_HAL_Driver\Src\stm32f4xx_hal_flash.c 0x00000000   Number         0  stm32f4xx_hal_flash.o ABSOLUTE
    ..\Drivers\STM32F4xx_HAL_Driver\Src\stm32f4xx_hal_flash_ex.c 0x00000000   Number         0  stm32f4xx_hal_flash_ex.o ABSOLUTE
    ..\Drivers\STM32F4xx_HAL_Driver\Src\stm32f4xx_hal_flash_ramfunc.c 0x00000000   Number         0  stm32f4xx_hal_flash_ramfunc.o ABSOLUTE
    ..\Drivers\STM32F4xx_HAL_Driver\Src\stm32f4xx_hal_gpio.c 0x00000000   Number         0  stm32f4xx_hal_gpio.o ABSOLUTE
    ..\Drivers\STM32F4xx_HAL_Driver\Src\stm32f4xx_hal_pwr.c 0x00000000   Number         0  stm32f4xx_hal_pwr.o ABSOLUTE
    ..\Drivers\STM32F4xx_HAL_Driver\Src\stm32f4xx_hal_pwr_ex.c 0x00000000   Number         0  stm32f4xx_hal_pwr_ex.o ABSOLUTE
    ..\Drivers\STM32F4xx_HAL_Driver\Src\stm32f4xx_hal_rcc.c 0x00000000   Number         0  stm32f4xx_hal_rcc.o ABSOLUTE
    ..\Drivers\STM32F4xx_HAL_Driver\Src\stm32f4xx_hal_rcc_ex.c 0x00000000   Number         0  stm32f4xx_hal_rcc_ex.o ABSOLUTE
    ..\Drivers\STM32F4xx_HAL_Driver\Src\stm32f4xx_hal_tim.c 0x00000000   Number         0  stm32f4xx_hal_tim.o ABSOLUTE
    ..\Drivers\STM32F4xx_HAL_Driver\Src\stm32f4xx_hal_tim_ex.c 0x00000000   Number         0  stm32f4xx_hal_tim_ex.o ABSOLUTE
    ..\Drivers\STM32F4xx_HAL_Driver\Src\stm32f4xx_hal_uart.c 0x00000000   Number         0  stm32f4xx_hal_uart.o ABSOLUTE
    DSP\BasicMathFunctions\arm_abs_f32.c     0x00000000   Number         0  arm_abs_f32.o ABSOLUTE
    DSP\BasicMathFunctions\arm_add_f32.c     0x00000000   Number         0  arm_add_f32.o ABSOLUTE
    DSP\BasicMathFunctions\arm_dot_prod_f32.c 0x00000000   Number         0  arm_dot_prod_f32.o ABSOLUTE
    DSP\BasicMathFunctions\arm_mult_f32.c    0x00000000   Number         0  arm_mult_f32.o ABSOLUTE
    DSP\BasicMathFunctions\arm_negate_f32.c  0x00000000   Number         0  arm_negate_f32.o ABSOLUTE
    DSP\BasicMathFunctions\arm_offset_f32.c  0x00000000   Number         0  arm_offset_f32.o ABSOLUTE
    DSP\BasicMathFunctions\arm_scale_f32.c   0x00000000   Number         0  arm_scale_f32.o ABSOLUTE
    DSP\BasicMathFunctions\arm_sub_f32.c     0x00000000   Number         0  arm_sub_f32.o ABSOLUTE
    DSP\CommonTables\arm_common_tables.c     0x00000000   Number         0  arm_common_tables.o ABSOLUTE
    DSP\FastMathFunctions\arm_cos_f32.c      0x00000000   Number         0  arm_cos_f32.o ABSOLUTE
    DSP\FastMathFunctions\arm_sin_f32.c      0x00000000   Number         0  arm_sin_f32.o ABSOLUTE
    DSP\FastMathFunctions\arm_sqrt_q15.c     0x00000000   Number         0  arm_sqrt_q15.o ABSOLUTE
    DSP\FastMathFunctions\arm_sqrt_q31.c     0x00000000   Number         0  arm_sqrt_q31.o ABSOLUTE
    DSP\\BasicMathFunctions\\arm_abs_f32.c   0x00000000   Number         0  arm_abs_f32.o ABSOLUTE
    DSP\\BasicMathFunctions\\arm_add_f32.c   0x00000000   Number         0  arm_add_f32.o ABSOLUTE
    DSP\\BasicMathFunctions\\arm_dot_prod_f32.c 0x00000000   Number         0  arm_dot_prod_f32.o ABSOLUTE
    DSP\\BasicMathFunctions\\arm_mult_f32.c  0x00000000   Number         0  arm_mult_f32.o ABSOLUTE
    DSP\\BasicMathFunctions\\arm_negate_f32.c 0x00000000   Number         0  arm_negate_f32.o ABSOLUTE
    DSP\\BasicMathFunctions\\arm_offset_f32.c 0x00000000   Number         0  arm_offset_f32.o ABSOLUTE
    DSP\\BasicMathFunctions\\arm_scale_f32.c 0x00000000   Number         0  arm_scale_f32.o ABSOLUTE
    DSP\\BasicMathFunctions\\arm_sub_f32.c   0x00000000   Number         0  arm_sub_f32.o ABSOLUTE
    DSP\\CommonTables\\arm_common_tables.c   0x00000000   Number         0  arm_common_tables.o ABSOLUTE
    DSP\\FastMathFunctions\\arm_cos_f32.c    0x00000000   Number         0  arm_cos_f32.o ABSOLUTE
    DSP\\FastMathFunctions\\arm_sin_f32.c    0x00000000   Number         0  arm_sin_f32.o ABSOLUTE
    DSP\\FastMathFunctions\\arm_sqrt_q15.c   0x00000000   Number         0  arm_sqrt_q15.o ABSOLUTE
    DSP\\FastMathFunctions\\arm_sqrt_q31.c   0x00000000   Number         0  arm_sqrt_q31.o ABSOLUTE
    Hardware\Matkeyboard.c                   0x00000000   Number         0  matkeyboard.o ABSOLUTE
    Hardware\SDCard.c                        0x00000000   Number         0  sdcard.o ABSOLUTE
    Hardware\\Matkeyboard.c                  0x00000000   Number         0  matkeyboard.o ABSOLUTE
    Hardware\\SDCard.c                       0x00000000   Number         0  sdcard.o ABSOLUTE
    Hardware\\font.c                         0x00000000   Number         0  font.o ABSOLUTE
    Hardware\\led.c                          0x00000000   Number         0  led.o ABSOLUTE
    Hardware\\st7565.c                       0x00000000   Number         0  st7565.o ABSOLUTE
    Hardware\font.c                          0x00000000   Number         0  font.o ABSOLUTE
    Hardware\led.c                           0x00000000   Number         0  led.o ABSOLUTE
    Hardware\st7565.c                        0x00000000   Number         0  st7565.o ABSOLUTE
    UserApps\GUI.c                           0x00000000   Number         0  gui.o ABSOLUTE
    UserApps\\GUI.c                          0x00000000   Number         0  gui.o ABSOLUTE
    UserApps\\stack.c                        0x00000000   Number         0  stack.o ABSOLUTE
    UserApps\algo\dynamic_string.c           0x00000000   Number         0  dynamic_string.o ABSOLUTE
    UserApps\arithmatic.c                    0x00000000   Number         0  arithmatic.o ABSOLUTE
    UserApps\stack.c                         0x00000000   Number         0  stack.o ABSOLUTE
    cdrcmple.s                               0x00000000   Number         0  cdrcmple.o ABSOLUTE
    dc.s                                     0x00000000   Number         0  dc.o ABSOLUTE
    handlers.s                               0x00000000   Number         0  handlers.o ABSOLUTE
    init.s                                   0x00000000   Number         0  init.o ABSOLUTE
    startup_stm32f401xc.s                    0x00000000   Number         0  startup_stm32f401xc.o ABSOLUTE
    RESET                                    0x08000000   Section      404  startup_stm32f401xc.o(RESET)
    .ARM.Collect$$$$00000000                 0x08000194   Section        0  entry.o(.ARM.Collect$$$$00000000)
    .ARM.Collect$$$$00000001                 0x08000194   Section        4  entry2.o(.ARM.Collect$$$$00000001)
    .ARM.Collect$$$$00000004                 0x08000198   Section        4  entry5.o(.ARM.Collect$$$$00000004)
    .ARM.Collect$$$$00000008                 0x0800019c   Section        0  entry7b.o(.ARM.Collect$$$$00000008)
    .ARM.Collect$$$$0000000A                 0x0800019c   Section        0  entry8b.o(.ARM.Collect$$$$0000000A)
    .ARM.Collect$$$$0000000B                 0x0800019c   Section        8  entry9a.o(.ARM.Collect$$$$0000000B)
    .ARM.Collect$$$$0000000E                 0x080001a4   Section        4  entry12b.o(.ARM.Collect$$$$0000000E)
    .ARM.Collect$$$$0000000F                 0x080001a8   Section        0  entry10a.o(.ARM.Collect$$$$0000000F)
    .ARM.Collect$$$$00000011                 0x080001a8   Section        0  entry11a.o(.ARM.Collect$$$$00000011)
    .ARM.Collect$$$$00002712                 0x080001a8   Section        4  entry2.o(.ARM.Collect$$$$00002712)
    __lit__00000000                          0x080001a8   Data           4  entry2.o(.ARM.Collect$$$$00002712)
    .text                                    0x080001ac   Section       36  startup_stm32f401xc.o(.text)
    $v0                                      0x080001ac   Number         0  startup_stm32f401xc.o(.text)
    .text                                    0x080001d0   Section        0  uldiv.o(.text)
    .text                                    0x08000232   Section        0  memcpya.o(.text)
    .text                                    0x08000256   Section        0  memseta.o(.text)
    .text                                    0x0800027a   Section        0  strlen.o(.text)
    .text                                    0x08000288   Section        0  uidiv.o(.text)
    .text                                    0x080002b4   Section        0  llshl.o(.text)
    .text                                    0x080002d2   Section        0  llushr.o(.text)
    .text                                    0x080002f4   Section       36  init.o(.text)
    .text                                    0x08000318   Section        0  __dczerorl.o(.text)
    i.BusFault_Handler                       0x08000352   Section        0  stm32f4xx_it.o(i.BusFault_Handler)
    i.CH452Init                              0x08000354   Section        0  matkeyboard.o(i.CH452Init)
    i.DebugMon_Handler                       0x0800036a   Section        0  stm32f4xx_it.o(i.DebugMon_Handler)
    i.EXTI15_10_IRQHandler                   0x0800036c   Section        0  stm32f4xx_it.o(i.EXTI15_10_IRQHandler)
    i.EXTI9_5_IRQHandler                     0x08000374   Section        0  stm32f4xx_it.o(i.EXTI9_5_IRQHandler)
    i.Error_Handler                          0x0800037c   Section        0  main.o(i.Error_Handler)
    i.HAL_Delay                              0x08000380   Section        0  stm32f4xx_hal.o(i.HAL_Delay)
    i.HAL_GPIO_EXTI_Callback                 0x080003a4   Section        0  matkeyboard.o(i.HAL_GPIO_EXTI_Callback)
    i.HAL_GPIO_EXTI_IRQHandler               0x080003e4   Section        0  stm32f4xx_hal_gpio.o(i.HAL_GPIO_EXTI_IRQHandler)
    i.HAL_GPIO_Init                          0x080003fc   Section        0  stm32f4xx_hal_gpio.o(i.HAL_GPIO_Init)
    i.HAL_GPIO_ReadPin                       0x080005a0   Section        0  stm32f4xx_hal_gpio.o(i.HAL_GPIO_ReadPin)
    i.HAL_GPIO_WritePin                      0x080005aa   Section        0  stm32f4xx_hal_gpio.o(i.HAL_GPIO_WritePin)
    i.HAL_GetTick                            0x080005b4   Section        0  stm32f4xx_hal.o(i.HAL_GetTick)
    i.HAL_IncTick                            0x080005c0   Section        0  stm32f4xx_hal.o(i.HAL_IncTick)
    i.HAL_Init                               0x080005d0   Section        0  stm32f4xx_hal.o(i.HAL_Init)
    i.HAL_InitTick                           0x08000604   Section        0  stm32f4xx_hal.o(i.HAL_InitTick)
    i.HAL_MspInit                            0x08000644   Section        0  stm32f4xx_hal_msp.o(i.HAL_MspInit)
    i.HAL_NVIC_EnableIRQ                     0x08000674   Section        0  stm32f4xx_hal_cortex.o(i.HAL_NVIC_EnableIRQ)
    i.HAL_NVIC_SetPriority                   0x08000690   Section        0  stm32f4xx_hal_cortex.o(i.HAL_NVIC_SetPriority)
    i.HAL_NVIC_SetPriorityGrouping           0x080006d0   Section        0  stm32f4xx_hal_cortex.o(i.HAL_NVIC_SetPriorityGrouping)
    i.HAL_RCC_ClockConfig                    0x080006f4   Section        0  stm32f4xx_hal_rcc.o(i.HAL_RCC_ClockConfig)
    i.HAL_RCC_GetPCLK1Freq                   0x08000828   Section        0  stm32f4xx_hal_rcc.o(i.HAL_RCC_GetPCLK1Freq)
    i.HAL_RCC_GetPCLK2Freq                   0x08000848   Section        0  stm32f4xx_hal_rcc.o(i.HAL_RCC_GetPCLK2Freq)
    i.HAL_RCC_GetSysClockFreq                0x08000868   Section        0  stm32f4xx_hal_rcc.o(i.HAL_RCC_GetSysClockFreq)
    i.HAL_RCC_OscConfig                      0x080008c8   Section        0  stm32f4xx_hal_rcc.o(i.HAL_RCC_OscConfig)
    i.HAL_SYSTICK_Config                     0x08000c20   Section        0  stm32f4xx_hal_cortex.o(i.HAL_SYSTICK_Config)
    i.HAL_TIMEx_BreakCallback                0x08000c48   Section        0  stm32f4xx_hal_tim_ex.o(i.HAL_TIMEx_BreakCallback)
    i.HAL_TIMEx_CommutCallback               0x08000c4a   Section        0  stm32f4xx_hal_tim_ex.o(i.HAL_TIMEx_CommutCallback)
    i.HAL_TIMEx_MasterConfigSynchronization  0x08000c4c   Section        0  stm32f4xx_hal_tim_ex.o(i.HAL_TIMEx_MasterConfigSynchronization)
    i.HAL_TIM_Base_Init                      0x08000cc8   Section        0  stm32f4xx_hal_tim.o(i.HAL_TIM_Base_Init)
    i.HAL_TIM_Base_MspInit                   0x08000d24   Section        0  tim.o(i.HAL_TIM_Base_MspInit)
    i.HAL_TIM_Base_Start                     0x08000d78   Section        0  stm32f4xx_hal_tim.o(i.HAL_TIM_Base_Start)
    i.HAL_TIM_Base_Start_IT                  0x08000ddc   Section        0  stm32f4xx_hal_tim.o(i.HAL_TIM_Base_Start_IT)
    i.HAL_TIM_Base_Stop                      0x08000e48   Section        0  stm32f4xx_hal_tim.o(i.HAL_TIM_Base_Stop)
    i.HAL_TIM_IC_CaptureCallback             0x08000e6e   Section        0  stm32f4xx_hal_tim.o(i.HAL_TIM_IC_CaptureCallback)
    i.HAL_TIM_IRQHandler                     0x08000e70   Section        0  stm32f4xx_hal_tim.o(i.HAL_TIM_IRQHandler)
    i.HAL_TIM_MspPostInit                    0x08000fd8   Section        0  tim.o(i.HAL_TIM_MspPostInit)
    i.HAL_TIM_OC_DelayElapsedCallback        0x08001028   Section        0  stm32f4xx_hal_tim.o(i.HAL_TIM_OC_DelayElapsedCallback)
    i.HAL_TIM_PWM_ConfigChannel              0x0800102a   Section        0  stm32f4xx_hal_tim.o(i.HAL_TIM_PWM_ConfigChannel)
    i.HAL_TIM_PWM_Init                       0x080010f6   Section        0  stm32f4xx_hal_tim.o(i.HAL_TIM_PWM_Init)
    i.HAL_TIM_PWM_MspInit                    0x08001150   Section        0  tim.o(i.HAL_TIM_PWM_MspInit)
    i.HAL_TIM_PWM_PulseFinishedCallback      0x08001174   Section        0  stm32f4xx_hal_tim.o(i.HAL_TIM_PWM_PulseFinishedCallback)
    i.HAL_TIM_PWM_Start                      0x08001178   Section        0  stm32f4xx_hal_tim.o(i.HAL_TIM_PWM_Start)
    i.HAL_TIM_PeriodElapsedCallback          0x08001230   Section        0  tim.o(i.HAL_TIM_PeriodElapsedCallback)
    i.HAL_TIM_TriggerCallback                0x08001260   Section        0  stm32f4xx_hal_tim.o(i.HAL_TIM_TriggerCallback)
    i.HAL_UART_Init                          0x08001262   Section        0  stm32f4xx_hal_uart.o(i.HAL_UART_Init)
    i.HAL_UART_MspInit                       0x080012c4   Section        0  usart.o(i.HAL_UART_MspInit)
    i.HAL_UART_Transmit                      0x08001330   Section        0  stm32f4xx_hal_uart.o(i.HAL_UART_Transmit)
    i.HardFault_Handler                      0x080013e0   Section        0  stm32f4xx_it.o(i.HardFault_Handler)
    i.IIC_Read_Byte                          0x080013e4   Section        0  matkeyboard.o(i.IIC_Read_Byte)
    IIC_Read_Byte                            0x080013e5   Thumb Code   194  matkeyboard.o(i.IIC_Read_Byte)
    i.IIC_Send_Byte                          0x080014ac   Section        0  matkeyboard.o(i.IIC_Send_Byte)
    IIC_Send_Byte                            0x080014ad   Thumb Code   104  matkeyboard.o(i.IIC_Send_Byte)
    i.IIC_Start                              0x08001518   Section        0  matkeyboard.o(i.IIC_Start)
    IIC_Start                                0x08001519   Thumb Code    74  matkeyboard.o(i.IIC_Start)
    i.LCD_ClearGRAM                          0x08001568   Section        0  st7565.o(i.LCD_ClearGRAM)
    i.LCD_DrawLine                           0x08001580   Section        0  st7565.o(i.LCD_DrawLine)
    i.LCD_DrawPoint                          0x0800161c   Section        0  st7565.o(i.LCD_DrawPoint)
    i.LCD_GRAM_Update                        0x0800164c   Section        0  st7565.o(i.LCD_GRAM_Update)
    i.LCD_Init                               0x080016a4   Section        0  st7565.o(i.LCD_Init)
    i.LCD_Send_Cmd                           0x0800177c   Section        0  st7565.o(i.LCD_Send_Cmd)
    LCD_Send_Cmd                             0x0800177d   Thumb Code    82  st7565.o(i.LCD_Send_Cmd)
    i.LCD_Send_Data                          0x080017d8   Section        0  st7565.o(i.LCD_Send_Data)
    LCD_Send_Data                            0x080017d9   Thumb Code    80  st7565.o(i.LCD_Send_Data)
    i.LCD_ShowChar6x12                       0x08001830   Section        0  st7565.o(i.LCD_ShowChar6x12)
    i.LCD_ShowChar8x16                       0x08001898   Section        0  st7565.o(i.LCD_ShowChar8x16)
    i.LCD_ShowStr                            0x080018ec   Section        0  st7565.o(i.LCD_ShowStr)
    i.LCD_StatusBarClear                     0x08001944   Section        0  st7565.o(i.LCD_StatusBarClear)
    i.LCD_StatusBarSet                       0x080019d2   Section        0  st7565.o(i.LCD_StatusBarSet)
    i.LED_B                                  0x08001a08   Section        0  led.o(i.LED_B)
    i.LED_G                                  0x08001a18   Section        0  led.o(i.LED_G)
    i.LED_Grad                               0x08001a28   Section        0  led.o(i.LED_Grad)
    i.LED_R                                  0x08001aac   Section        0  led.o(i.LED_R)
    i.MK_IIC_Read                            0x08001abc   Section        0  matkeyboard.o(i.MK_IIC_Read)
    i.MK_IIC_Write                           0x08001afc   Section        0  matkeyboard.o(i.MK_IIC_Write)
    i.MX_GPIO_Init                           0x08001b9c   Section        0  gpio.o(i.MX_GPIO_Init)
    i.MX_TIM10_Init                          0x08001ca4   Section        0  tim.o(i.MX_TIM10_Init)
    i.MX_TIM11_Init                          0x08001cd8   Section        0  tim.o(i.MX_TIM11_Init)
    i.MX_TIM2_Init                           0x08001d0c   Section        0  tim.o(i.MX_TIM2_Init)
    i.MX_USART1_UART_Init                    0x08001d9c   Section        0  usart.o(i.MX_USART1_UART_Init)
    i.MemManage_Handler                      0x08001dd4   Section        0  stm32f4xx_it.o(i.MemManage_Handler)
    i.NMI_Handler                            0x08001dd6   Section        0  stm32f4xx_it.o(i.NMI_Handler)
    i.PendSV_Handler                         0x08001dd8   Section        0  stm32f4xx_it.o(i.PendSV_Handler)
    i.SDA_OUT                                0x08001ddc   Section        0  matkeyboard.o(i.SDA_OUT)
    SDA_OUT                                  0x08001ddd   Thumb Code    38  matkeyboard.o(i.SDA_OUT)
    i.SVC_Handler                            0x08001e08   Section        0  stm32f4xx_it.o(i.SVC_Handler)
    i.SysTick_Handler                        0x08001e0a   Section        0  stm32f4xx_it.o(i.SysTick_Handler)
    i.SystemClock_Config                     0x08001e10   Section        0  main.o(i.SystemClock_Config)
    i.SystemInit                             0x08001ea4   Section        0  system_stm32f4xx.o(i.SystemInit)
    i.TIM1_UP_TIM10_IRQHandler               0x08001eb4   Section        0  stm32f4xx_it.o(i.TIM1_UP_TIM10_IRQHandler)
    i.TIM_Base_SetConfig                     0x08001ec0   Section        0  stm32f4xx_hal_tim.o(i.TIM_Base_SetConfig)
    i.TIM_CCxChannelCmd                      0x08001f58   Section        0  stm32f4xx_hal_tim.o(i.TIM_CCxChannelCmd)
    i.TIM_OC1_SetConfig                      0x08001f74   Section        0  stm32f4xx_hal_tim.o(i.TIM_OC1_SetConfig)
    TIM_OC1_SetConfig                        0x08001f75   Thumb Code    82  stm32f4xx_hal_tim.o(i.TIM_OC1_SetConfig)
    i.TIM_OC2_SetConfig                      0x08001fcc   Section        0  stm32f4xx_hal_tim.o(i.TIM_OC2_SetConfig)
    i.TIM_OC3_SetConfig                      0x08002028   Section        0  stm32f4xx_hal_tim.o(i.TIM_OC3_SetConfig)
    TIM_OC3_SetConfig                        0x08002029   Thumb Code    84  stm32f4xx_hal_tim.o(i.TIM_OC3_SetConfig)
    i.TIM_OC4_SetConfig                      0x08002080   Section        0  stm32f4xx_hal_tim.o(i.TIM_OC4_SetConfig)
    TIM_OC4_SetConfig                        0x08002081   Thumb Code    64  stm32f4xx_hal_tim.o(i.TIM_OC4_SetConfig)
    i.UART_SetConfig                         0x080020c4   Section        0  stm32f4xx_hal_uart.o(i.UART_SetConfig)
    UART_SetConfig                           0x080020c5   Thumb Code   258  stm32f4xx_hal_uart.o(i.UART_SetConfig)
    i.UART_WaitOnFlagUntilTimeout            0x080021d0   Section        0  stm32f4xx_hal_uart.o(i.UART_WaitOnFlagUntilTimeout)
    UART_WaitOnFlagUntilTimeout              0x080021d1   Thumb Code   118  stm32f4xx_hal_uart.o(i.UART_WaitOnFlagUntilTimeout)
    i.UsageFault_Handler                     0x08002246   Section        0  stm32f4xx_it.o(i.UsageFault_Handler)
    i.__0printf$3                            0x08002248   Section        0  printf3.o(i.__0printf$3)
    i.__NVIC_SetPriority                     0x08002268   Section        0  stm32f4xx_hal_cortex.o(i.__NVIC_SetPriority)
    __NVIC_SetPriority                       0x08002269   Thumb Code    32  stm32f4xx_hal_cortex.o(i.__NVIC_SetPriority)
    i.__scatterload_copy                     0x08002288   Section       14  handlers.o(i.__scatterload_copy)
    i.__scatterload_null                     0x08002296   Section        2  handlers.o(i.__scatterload_null)
    i.__scatterload_zeroinit                 0x08002298   Section       14  handlers.o(i.__scatterload_zeroinit)
    i._printf_core                           0x080022a8   Section        0  printf3.o(i._printf_core)
    _printf_core                             0x080022a9   Thumb Code   436  printf3.o(i._printf_core)
    i.delay_us                               0x08002460   Section        0  tim.o(i.delay_us)
    i.dynamicStr_backspace                   0x0800249c   Section        0  dynamic_string.o(i.dynamicStr_backspace)
    i.dynamicStr_strcat                      0x08002540   Section        0  dynamic_string.o(i.dynamicStr_strcat)
    i.fputc                                  0x08002604   Section        0  usart.o(i.fputc)
    i.free                                   0x0800261c   Section        0  malloc.o(i.free)
    i.gui_disp_all_clear                     0x0800266c   Section        0  gui.o(i.gui_disp_all_clear)
    i.gui_init                               0x08002694   Section        0  gui.o(i.gui_init)
    i.gui_line0Updt_from_keypad              0x080026b8   Section        0  gui.o(i.gui_line0Updt_from_keypad)
    i.gui_line0_displayUpdt                  0x08002860   Section        0  gui.o(i.gui_line0_displayUpdt)
    gui_line0_displayUpdt                    0x08002861   Thumb Code    40  gui.o(i.gui_line0_displayUpdt)
    i.gui_updtCursor                         0x080028a0   Section        0  gui.o(i.gui_updtCursor)
    gui_updtCursor                           0x080028a1   Thumb Code    96  gui.o(i.gui_updtCursor)
    i.gui_updtCursor_tim10_500ms             0x08002904   Section        0  gui.o(i.gui_updtCursor_tim10_500ms)
    i.line0Cursor_scroll                     0x08002944   Section        0  gui.o(i.line0Cursor_scroll)
    line0Cursor_scroll                       0x08002945   Thumb Code   314  gui.o(i.line0Cursor_scroll)
    i.main                                   0x08002b04   Section        0  main.o(i.main)
    i.malloc                                 0x08002bac   Section        0  malloc.o(i.malloc)
    .constdata                               0x08002c18   Section       16  system_stm32f4xx.o(.constdata)
    .constdata                               0x08002c28   Section        8  system_stm32f4xx.o(.constdata)
    .constdata                               0x08002c30   Section     1140  font.o(.constdata)
    .constdata                               0x080030a4   Section     1520  font.o(.constdata)
    .conststring                             0x08003694   Section        1  gui.o(.conststring)
    .data                                    0x20000000   Section        1  tim.o(.data)
    Cnt_LED                                  0x20000000   Data           1  tim.o(.data)
    .data                                    0x20000004   Section       12  gui.o(.data)
    Cnt_Cursor                               0x20000004   Data           1  gui.o(.data)
    last_pos                                 0x20000005   Data           1  gui.o(.data)
    .data                                    0x20000010   Section       12  stm32f4xx_hal.o(.data)
    .data                                    0x2000001c   Section        4  system_stm32f4xx.o(.data)
    .data                                    0x20000020   Section        6  led.o(.data)
    LEDG_Brightness                          0x20000020   Data           1  led.o(.data)
    LEDR_Brightness                          0x20000021   Data           1  led.o(.data)
    LEDB_Brightness                          0x20000022   Data           1  led.o(.data)
    cntSta                                   0x20000023   Data           3  led.o(.data)
    .data                                    0x20000026   Section        2  matkeyboard.o(.data)
    .data                                    0x20000028   Section      384  st7565.o(.data)
    .data                                    0x200001a8   Section        4  stdout.o(.data)
    .data                                    0x200001ac   Section        4  mvars.o(.data)
    .data                                    0x200001b0   Section        4  mvars.o(.data)
    .bss                                     0x200001b4   Section      216  tim.o(.bss)
    .bss                                     0x2000028c   Section       68  usart.o(.bss)
    .bss                                     0x200002d0   Section       17  gui.o(.bss)
    HEAP                                     0x200002e8   Section     5632  startup_stm32f401xc.o(HEAP)
    STACK                                    0x200018e8   Section    12800  startup_stm32f401xc.o(STACK)

    Global Symbols

    Symbol Name                              Value     Ov Type        Size  Object(Section)

    BuildAttributes$$THM_ISAv4$E$P$D$K$B$S$7EM$VFPi3$EXTD16$VFPS$VFMA$PE$A:L22UL41UL21$X:L11$S22US41US21$IEEE1$IW$USESV6$~STKCKD$USESV7$~SHL$OSPACE$ROPI$EBA8$MICROLIB$REQ8$PRES8$EABIv2 0x00000000   Number         0  anon$$obj.o ABSOLUTE
    __ARM_use_no_argv                        0x00000000   Number         0  main.o ABSOLUTE
    _printf_a                                0x00000000   Number         0  stubs.o ABSOLUTE
    _printf_c                                0x00000000   Number         0  stubs.o ABSOLUTE
    _printf_charcount                        0x00000000   Number         0  stubs.o ABSOLUTE
    _printf_d                                0x00000000   Number         0  stubs.o ABSOLUTE
    _printf_e                                0x00000000   Number         0  stubs.o ABSOLUTE
    _printf_f                                0x00000000   Number         0  stubs.o ABSOLUTE
    _printf_flags                            0x00000000   Number         0  stubs.o ABSOLUTE
    _printf_fp_dec                           0x00000000   Number         0  stubs.o ABSOLUTE
    _printf_fp_hex                           0x00000000   Number         0  stubs.o ABSOLUTE
    _printf_g                                0x00000000   Number         0  stubs.o ABSOLUTE
    _printf_i                                0x00000000   Number         0  stubs.o ABSOLUTE
    _printf_int_dec                          0x00000000   Number         0  stubs.o ABSOLUTE
    _printf_l                                0x00000000   Number         0  stubs.o ABSOLUTE
    _printf_lc                               0x00000000   Number         0  stubs.o ABSOLUTE
    _printf_ll                               0x00000000   Number         0  stubs.o ABSOLUTE
    _printf_lld                              0x00000000   Number         0  stubs.o ABSOLUTE
    _printf_lli                              0x00000000   Number         0  stubs.o ABSOLUTE
    _printf_llo                              0x00000000   Number         0  stubs.o ABSOLUTE
    _printf_llu                              0x00000000   Number         0  stubs.o ABSOLUTE
    _printf_llx                              0x00000000   Number         0  stubs.o ABSOLUTE
    _printf_longlong_dec                     0x00000000   Number         0  stubs.o ABSOLUTE
    _printf_longlong_hex                     0x00000000   Number         0  stubs.o ABSOLUTE
    _printf_longlong_oct                     0x00000000   Number         0  stubs.o ABSOLUTE
    _printf_ls                               0x00000000   Number         0  stubs.o ABSOLUTE
    _printf_mbtowc                           0x00000000   Number         0  stubs.o ABSOLUTE
    _printf_n                                0x00000000   Number         0  stubs.o ABSOLUTE
    _printf_o                                0x00000000   Number         0  stubs.o ABSOLUTE
    _printf_p                                0x00000000   Number         0  stubs.o ABSOLUTE
    _printf_percent                          0x00000000   Number         0  stubs.o ABSOLUTE
    _printf_pre_padding                      0x00000000   Number         0  stubs.o ABSOLUTE
    _printf_return_value                     0x00000000   Number         0  stubs.o ABSOLUTE
    _printf_s                                0x00000000   Number         0  stubs.o ABSOLUTE
    _printf_sizespec                         0x00000000   Number         0  stubs.o ABSOLUTE
    _printf_str                              0x00000000   Number         0  stubs.o ABSOLUTE
    _printf_truncate_signed                  0x00000000   Number         0  stubs.o ABSOLUTE
    _printf_truncate_unsigned                0x00000000   Number         0  stubs.o ABSOLUTE
    _printf_u                                0x00000000   Number         0  stubs.o ABSOLUTE
    _printf_wc                               0x00000000   Number         0  stubs.o ABSOLUTE
    _printf_wctomb                           0x00000000   Number         0  stubs.o ABSOLUTE
    _printf_widthprec                        0x00000000   Number         0  stubs.o ABSOLUTE
    _printf_x                                0x00000000   Number         0  stubs.o ABSOLUTE
    __arm_fini_                               - Undefined Weak Reference
    __cpp_initialize__aeabi_                  - Undefined Weak Reference
    __cxa_finalize                            - Undefined Weak Reference
    _clock_init                               - Undefined Weak Reference
    _microlib_exit                            - Undefined Weak Reference
    __Vectors_Size                           0x00000194   Number         0  startup_stm32f401xc.o ABSOLUTE
    __Vectors                                0x08000000   Data           4  startup_stm32f401xc.o(RESET)
    __Vectors_End                            0x08000194   Data           0  startup_stm32f401xc.o(RESET)
    __main                                   0x08000195   Thumb Code     0  entry.o(.ARM.Collect$$$$00000000)
    _main_stk                                0x08000195   Thumb Code     0  entry2.o(.ARM.Collect$$$$00000001)
    _main_scatterload                        0x08000199   Thumb Code     0  entry5.o(.ARM.Collect$$$$00000004)
    __main_after_scatterload                 0x0800019d   Thumb Code     0  entry5.o(.ARM.Collect$$$$00000004)
    _main_clock                              0x0800019d   Thumb Code     0  entry7b.o(.ARM.Collect$$$$00000008)
    _main_cpp_init                           0x0800019d   Thumb Code     0  entry8b.o(.ARM.Collect$$$$0000000A)
    _main_init                               0x0800019d   Thumb Code     0  entry9a.o(.ARM.Collect$$$$0000000B)
    __rt_lib_shutdown_fini                   0x080001a5   Thumb Code     0  entry12b.o(.ARM.Collect$$$$0000000E)
    __rt_final_cpp                           0x080001a9   Thumb Code     0  entry10a.o(.ARM.Collect$$$$0000000F)
    __rt_final_exit                          0x080001a9   Thumb Code     0  entry11a.o(.ARM.Collect$$$$00000011)
    Reset_Handler                            0x080001ad   Thumb Code     8  startup_stm32f401xc.o(.text)
    ADC_IRQHandler                           0x080001c7   Thumb Code     0  startup_stm32f401xc.o(.text)
    DMA1_Stream0_IRQHandler                  0x080001c7   Thumb Code     0  startup_stm32f401xc.o(.text)
    DMA1_Stream1_IRQHandler                  0x080001c7   Thumb Code     0  startup_stm32f401xc.o(.text)
    DMA1_Stream2_IRQHandler                  0x080001c7   Thumb Code     0  startup_stm32f401xc.o(.text)
    DMA1_Stream3_IRQHandler                  0x080001c7   Thumb Code     0  startup_stm32f401xc.o(.text)
    DMA1_Stream4_IRQHandler                  0x080001c7   Thumb Code     0  startup_stm32f401xc.o(.text)
    DMA1_Stream5_IRQHandler                  0x080001c7   Thumb Code     0  startup_stm32f401xc.o(.text)
    DMA1_Stream6_IRQHandler                  0x080001c7   Thumb Code     0  startup_stm32f401xc.o(.text)
    DMA1_Stream7_IRQHandler                  0x080001c7   Thumb Code     0  startup_stm32f401xc.o(.text)
    DMA2_Stream0_IRQHandler                  0x080001c7   Thumb Code     0  startup_stm32f401xc.o(.text)
    DMA2_Stream1_IRQHandler                  0x080001c7   Thumb Code     0  startup_stm32f401xc.o(.text)
    DMA2_Stream2_IRQHandler                  0x080001c7   Thumb Code     0  startup_stm32f401xc.o(.text)
    DMA2_Stream3_IRQHandler                  0x080001c7   Thumb Code     0  startup_stm32f401xc.o(.text)
    DMA2_Stream4_IRQHandler                  0x080001c7   Thumb Code     0  startup_stm32f401xc.o(.text)
    DMA2_Stream5_IRQHandler                  0x080001c7   Thumb Code     0  startup_stm32f401xc.o(.text)
    DMA2_Stream6_IRQHandler                  0x080001c7   Thumb Code     0  startup_stm32f401xc.o(.text)
    DMA2_Stream7_IRQHandler                  0x080001c7   Thumb Code     0  startup_stm32f401xc.o(.text)
    EXTI0_IRQHandler                         0x080001c7   Thumb Code     0  startup_stm32f401xc.o(.text)
    EXTI1_IRQHandler                         0x080001c7   Thumb Code     0  startup_stm32f401xc.o(.text)
    EXTI2_IRQHandler                         0x080001c7   Thumb Code     0  startup_stm32f401xc.o(.text)
    EXTI3_IRQHandler                         0x080001c7   Thumb Code     0  startup_stm32f401xc.o(.text)
    EXTI4_IRQHandler                         0x080001c7   Thumb Code     0  startup_stm32f401xc.o(.text)
    FLASH_IRQHandler                         0x080001c7   Thumb Code     0  startup_stm32f401xc.o(.text)
    FPU_IRQHandler                           0x080001c7   Thumb Code     0  startup_stm32f401xc.o(.text)
    I2C1_ER_IRQHandler                       0x080001c7   Thumb Code     0  startup_stm32f401xc.o(.text)
    I2C1_EV_IRQHandler                       0x080001c7   Thumb Code     0  startup_stm32f401xc.o(.text)
    I2C2_ER_IRQHandler                       0x080001c7   Thumb Code     0  startup_stm32f401xc.o(.text)
    I2C2_EV_IRQHandler                       0x080001c7   Thumb Code     0  startup_stm32f401xc.o(.text)
    I2C3_ER_IRQHandler                       0x080001c7   Thumb Code     0  startup_stm32f401xc.o(.text)
    I2C3_EV_IRQHandler                       0x080001c7   Thumb Code     0  startup_stm32f401xc.o(.text)
    OTG_FS_IRQHandler                        0x080001c7   Thumb Code     0  startup_stm32f401xc.o(.text)
    OTG_FS_WKUP_IRQHandler                   0x080001c7   Thumb Code     0  startup_stm32f401xc.o(.text)
    PVD_IRQHandler                           0x080001c7   Thumb Code     0  startup_stm32f401xc.o(.text)
    RCC_IRQHandler                           0x080001c7   Thumb Code     0  startup_stm32f401xc.o(.text)
    RTC_Alarm_IRQHandler                     0x080001c7   Thumb Code     0  startup_stm32f401xc.o(.text)
    RTC_WKUP_IRQHandler                      0x080001c7   Thumb Code     0  startup_stm32f401xc.o(.text)
    SDIO_IRQHandler                          0x080001c7   Thumb Code     0  startup_stm32f401xc.o(.text)
    SPI1_IRQHandler                          0x080001c7   Thumb Code     0  startup_stm32f401xc.o(.text)
    SPI2_IRQHandler                          0x080001c7   Thumb Code     0  startup_stm32f401xc.o(.text)
    SPI3_IRQHandler                          0x080001c7   Thumb Code     0  startup_stm32f401xc.o(.text)
    SPI4_IRQHandler                          0x080001c7   Thumb Code     0  startup_stm32f401xc.o(.text)
    TAMP_STAMP_IRQHandler                    0x080001c7   Thumb Code     0  startup_stm32f401xc.o(.text)
    TIM1_BRK_TIM9_IRQHandler                 0x080001c7   Thumb Code     0  startup_stm32f401xc.o(.text)
    TIM1_CC_IRQHandler                       0x080001c7   Thumb Code     0  startup_stm32f401xc.o(.text)
    TIM1_TRG_COM_TIM11_IRQHandler            0x080001c7   Thumb Code     0  startup_stm32f401xc.o(.text)
    TIM2_IRQHandler                          0x080001c7   Thumb Code     0  startup_stm32f401xc.o(.text)
    TIM3_IRQHandler                          0x080001c7   Thumb Code     0  startup_stm32f401xc.o(.text)
    TIM4_IRQHandler                          0x080001c7   Thumb Code     0  startup_stm32f401xc.o(.text)
    TIM5_IRQHandler                          0x080001c7   Thumb Code     0  startup_stm32f401xc.o(.text)
    USART1_IRQHandler                        0x080001c7   Thumb Code     0  startup_stm32f401xc.o(.text)
    USART2_IRQHandler                        0x080001c7   Thumb Code     0  startup_stm32f401xc.o(.text)
    USART6_IRQHandler                        0x080001c7   Thumb Code     0  startup_stm32f401xc.o(.text)
    WWDG_IRQHandler                          0x080001c7   Thumb Code     0  startup_stm32f401xc.o(.text)
    __aeabi_uldivmod                         0x080001d1   Thumb Code    98  uldiv.o(.text)
    __aeabi_memcpy                           0x08000233   Thumb Code    36  memcpya.o(.text)
    __aeabi_memcpy4                          0x08000233   Thumb Code     0  memcpya.o(.text)
    __aeabi_memcpy8                          0x08000233   Thumb Code     0  memcpya.o(.text)
    __aeabi_memset                           0x08000257   Thumb Code    14  memseta.o(.text)
    __aeabi_memset4                          0x08000257   Thumb Code     0  memseta.o(.text)
    __aeabi_memset8                          0x08000257   Thumb Code     0  memseta.o(.text)
    __aeabi_memclr                           0x08000265   Thumb Code     4  memseta.o(.text)
    __aeabi_memclr4                          0x08000265   Thumb Code     0  memseta.o(.text)
    __aeabi_memclr8                          0x08000265   Thumb Code     0  memseta.o(.text)
    _memset$wrapper                          0x08000269   Thumb Code    18  memseta.o(.text)
    strlen                                   0x0800027b   Thumb Code    14  strlen.o(.text)
    __aeabi_uidiv                            0x08000289   Thumb Code     0  uidiv.o(.text)
    __aeabi_uidivmod                         0x08000289   Thumb Code    44  uidiv.o(.text)
    __aeabi_llsl                             0x080002b5   Thumb Code    30  llshl.o(.text)
    _ll_shift_l                              0x080002b5   Thumb Code     0  llshl.o(.text)
    __aeabi_llsr                             0x080002d3   Thumb Code    32  llushr.o(.text)
    _ll_ushift_r                             0x080002d3   Thumb Code     0  llushr.o(.text)
    __scatterload                            0x080002f5   Thumb Code    28  init.o(.text)
    __scatterload_rt2                        0x080002f5   Thumb Code     0  init.o(.text)
    __decompress                             0x08000319   Thumb Code     0  __dczerorl.o(.text)
    __decompress0                            0x08000319   Thumb Code    58  __dczerorl.o(.text)
    BusFault_Handler                         0x08000353   Thumb Code     2  stm32f4xx_it.o(i.BusFault_Handler)
    CH452Init                                0x08000355   Thumb Code    22  matkeyboard.o(i.CH452Init)
    DebugMon_Handler                         0x0800036b   Thumb Code     2  stm32f4xx_it.o(i.DebugMon_Handler)
    EXTI15_10_IRQHandler                     0x0800036d   Thumb Code     8  stm32f4xx_it.o(i.EXTI15_10_IRQHandler)
    EXTI9_5_IRQHandler                       0x08000375   Thumb Code     8  stm32f4xx_it.o(i.EXTI9_5_IRQHandler)
    Error_Handler                            0x0800037d   Thumb Code     4  main.o(i.Error_Handler)
    HAL_Delay                                0x08000381   Thumb Code    32  stm32f4xx_hal.o(i.HAL_Delay)
    HAL_GPIO_EXTI_Callback                   0x080003a5   Thumb Code    46  matkeyboard.o(i.HAL_GPIO_EXTI_Callback)
    HAL_GPIO_EXTI_IRQHandler                 0x080003e5   Thumb Code    18  stm32f4xx_hal_gpio.o(i.HAL_GPIO_EXTI_IRQHandler)
    HAL_GPIO_Init                            0x080003fd   Thumb Code   388  stm32f4xx_hal_gpio.o(i.HAL_GPIO_Init)
    HAL_GPIO_ReadPin                         0x080005a1   Thumb Code    10  stm32f4xx_hal_gpio.o(i.HAL_GPIO_ReadPin)
    HAL_GPIO_WritePin                        0x080005ab   Thumb Code    10  stm32f4xx_hal_gpio.o(i.HAL_GPIO_WritePin)
    HAL_GetTick                              0x080005b5   Thumb Code     6  stm32f4xx_hal.o(i.HAL_GetTick)
    HAL_IncTick                              0x080005c1   Thumb Code    10  stm32f4xx_hal.o(i.HAL_IncTick)
    HAL_Init                                 0x080005d1   Thumb Code    48  stm32f4xx_hal.o(i.HAL_Init)
    HAL_InitTick                             0x08000605   Thumb Code    54  stm32f4xx_hal.o(i.HAL_InitTick)
    HAL_MspInit                              0x08000645   Thumb Code    42  stm32f4xx_hal_msp.o(i.HAL_MspInit)
    HAL_NVIC_EnableIRQ                       0x08000675   Thumb Code    26  stm32f4xx_hal_cortex.o(i.HAL_NVIC_EnableIRQ)
    HAL_NVIC_SetPriority                     0x08000691   Thumb Code    60  stm32f4xx_hal_cortex.o(i.HAL_NVIC_SetPriority)
    HAL_NVIC_SetPriorityGrouping             0x080006d1   Thumb Code    26  stm32f4xx_hal_cortex.o(i.HAL_NVIC_SetPriorityGrouping)
    HAL_RCC_ClockConfig                      0x080006f5   Thumb Code   288  stm32f4xx_hal_rcc.o(i.HAL_RCC_ClockConfig)
    HAL_RCC_GetPCLK1Freq                     0x08000829   Thumb Code    20  stm32f4xx_hal_rcc.o(i.HAL_RCC_GetPCLK1Freq)
    HAL_RCC_GetPCLK2Freq                     0x08000849   Thumb Code    20  stm32f4xx_hal_rcc.o(i.HAL_RCC_GetPCLK2Freq)
    HAL_RCC_GetSysClockFreq                  0x08000869   Thumb Code    88  stm32f4xx_hal_rcc.o(i.HAL_RCC_GetSysClockFreq)
    HAL_RCC_OscConfig                        0x080008c9   Thumb Code   836  stm32f4xx_hal_rcc.o(i.HAL_RCC_OscConfig)
    HAL_SYSTICK_Config                       0x08000c21   Thumb Code    40  stm32f4xx_hal_cortex.o(i.HAL_SYSTICK_Config)
    HAL_TIMEx_BreakCallback                  0x08000c49   Thumb Code     2  stm32f4xx_hal_tim_ex.o(i.HAL_TIMEx_BreakCallback)
    HAL_TIMEx_CommutCallback                 0x08000c4b   Thumb Code     2  stm32f4xx_hal_tim_ex.o(i.HAL_TIMEx_CommutCallback)
    HAL_TIMEx_MasterConfigSynchronization    0x08000c4d   Thumb Code   104  stm32f4xx_hal_tim_ex.o(i.HAL_TIMEx_MasterConfigSynchronization)
    HAL_TIM_Base_Init                        0x08000cc9   Thumb Code    90  stm32f4xx_hal_tim.o(i.HAL_TIM_Base_Init)
    HAL_TIM_Base_MspInit                     0x08000d25   Thumb Code    72  tim.o(i.HAL_TIM_Base_MspInit)
    HAL_TIM_Base_Start                       0x08000d79   Thumb Code    78  stm32f4xx_hal_tim.o(i.HAL_TIM_Base_Start)
    HAL_TIM_Base_Start_IT                    0x08000ddd   Thumb Code    88  stm32f4xx_hal_tim.o(i.HAL_TIM_Base_Start_IT)
    HAL_TIM_Base_Stop                        0x08000e49   Thumb Code    38  stm32f4xx_hal_tim.o(i.HAL_TIM_Base_Stop)
    HAL_TIM_IC_CaptureCallback               0x08000e6f   Thumb Code     2  stm32f4xx_hal_tim.o(i.HAL_TIM_IC_CaptureCallback)
    HAL_TIM_IRQHandler                       0x08000e71   Thumb Code   358  stm32f4xx_hal_tim.o(i.HAL_TIM_IRQHandler)
    HAL_TIM_MspPostInit                      0x08000fd9   Thumb Code    70  tim.o(i.HAL_TIM_MspPostInit)
    HAL_TIM_OC_DelayElapsedCallback          0x08001029   Thumb Code     2  stm32f4xx_hal_tim.o(i.HAL_TIM_OC_DelayElapsedCallback)
    HAL_TIM_PWM_ConfigChannel                0x0800102b   Thumb Code   204  stm32f4xx_hal_tim.o(i.HAL_TIM_PWM_ConfigChannel)
    HAL_TIM_PWM_Init                         0x080010f7   Thumb Code    90  stm32f4xx_hal_tim.o(i.HAL_TIM_PWM_Init)
    HAL_TIM_PWM_MspInit                      0x08001151   Thumb Code    30  tim.o(i.HAL_TIM_PWM_MspInit)
    HAL_TIM_PWM_PulseFinishedCallback        0x08001175   Thumb Code     2  stm32f4xx_hal_tim.o(i.HAL_TIM_PWM_PulseFinishedCallback)
    HAL_TIM_PWM_Start                        0x08001179   Thumb Code   162  stm32f4xx_hal_tim.o(i.HAL_TIM_PWM_Start)
    HAL_TIM_PeriodElapsedCallback            0x08001231   Thumb Code    40  tim.o(i.HAL_TIM_PeriodElapsedCallback)
    HAL_TIM_TriggerCallback                  0x08001261   Thumb Code     2  stm32f4xx_hal_tim.o(i.HAL_TIM_TriggerCallback)
    HAL_UART_Init                            0x08001263   Thumb Code    98  stm32f4xx_hal_uart.o(i.HAL_UART_Init)
    HAL_UART_MspInit                         0x080012c5   Thumb Code    94  usart.o(i.HAL_UART_MspInit)
    HAL_UART_Transmit                        0x08001331   Thumb Code   176  stm32f4xx_hal_uart.o(i.HAL_UART_Transmit)
    HardFault_Handler                        0x080013e1   Thumb Code     2  stm32f4xx_it.o(i.HardFault_Handler)
    LCD_ClearGRAM                            0x08001569   Thumb Code    20  st7565.o(i.LCD_ClearGRAM)
    LCD_DrawLine                             0x08001581   Thumb Code   154  st7565.o(i.LCD_DrawLine)
    LCD_DrawPoint                            0x0800161d   Thumb Code    44  st7565.o(i.LCD_DrawPoint)
    LCD_GRAM_Update                          0x0800164d   Thumb Code    82  st7565.o(i.LCD_GRAM_Update)
    LCD_Init                                 0x080016a5   Thumb Code   212  st7565.o(i.LCD_Init)
    LCD_ShowChar6x12                         0x08001831   Thumb Code   100  st7565.o(i.LCD_ShowChar6x12)
    LCD_ShowChar8x16                         0x08001899   Thumb Code    80  st7565.o(i.LCD_ShowChar8x16)
    LCD_ShowStr                              0x080018ed   Thumb Code    88  st7565.o(i.LCD_ShowStr)
    LCD_StatusBarClear                       0x08001945   Thumb Code   142  st7565.o(i.LCD_StatusBarClear)
    LCD_StatusBarSet                         0x080019d3   Thumb Code    54  st7565.o(i.LCD_StatusBarSet)
    LED_B                                    0x08001a09   Thumb Code    12  led.o(i.LED_B)
    LED_G                                    0x08001a19   Thumb Code    12  led.o(i.LED_G)
    LED_Grad                                 0x08001a29   Thumb Code   128  led.o(i.LED_Grad)
    LED_R                                    0x08001aad   Thumb Code    12  led.o(i.LED_R)
    MK_IIC_Read                              0x08001abd   Thumb Code    58  matkeyboard.o(i.MK_IIC_Read)
    MK_IIC_Write                             0x08001afd   Thumb Code   156  matkeyboard.o(i.MK_IIC_Write)
    MX_GPIO_Init                             0x08001b9d   Thumb Code   246  gpio.o(i.MX_GPIO_Init)
    MX_TIM10_Init                            0x08001ca5   Thumb Code    44  tim.o(i.MX_TIM10_Init)
    MX_TIM11_Init                            0x08001cd9   Thumb Code    44  tim.o(i.MX_TIM11_Init)
    MX_TIM2_Init                             0x08001d0d   Thumb Code   140  tim.o(i.MX_TIM2_Init)
    MX_USART1_UART_Init                      0x08001d9d   Thumb Code    48  usart.o(i.MX_USART1_UART_Init)
    MemManage_Handler                        0x08001dd5   Thumb Code     2  stm32f4xx_it.o(i.MemManage_Handler)
    NMI_Handler                              0x08001dd7   Thumb Code     2  stm32f4xx_it.o(i.NMI_Handler)
    PendSV_Handler                           0x08001dd9   Thumb Code     2  stm32f4xx_it.o(i.PendSV_Handler)
    SVC_Handler                              0x08001e09   Thumb Code     2  stm32f4xx_it.o(i.SVC_Handler)
    SysTick_Handler                          0x08001e0b   Thumb Code     4  stm32f4xx_it.o(i.SysTick_Handler)
    SystemClock_Config                       0x08001e11   Thumb Code   138  main.o(i.SystemClock_Config)
    SystemInit                               0x08001ea5   Thumb Code    12  system_stm32f4xx.o(i.SystemInit)
    TIM1_UP_TIM10_IRQHandler                 0x08001eb5   Thumb Code     6  stm32f4xx_it.o(i.TIM1_UP_TIM10_IRQHandler)
    TIM_Base_SetConfig                       0x08001ec1   Thumb Code   122  stm32f4xx_hal_tim.o(i.TIM_Base_SetConfig)
    TIM_CCxChannelCmd                        0x08001f59   Thumb Code    26  stm32f4xx_hal_tim.o(i.TIM_CCxChannelCmd)
    TIM_OC2_SetConfig                        0x08001fcd   Thumb Code    86  stm32f4xx_hal_tim.o(i.TIM_OC2_SetConfig)
    UsageFault_Handler                       0x08002247   Thumb Code     2  stm32f4xx_it.o(i.UsageFault_Handler)
    __0printf$3                              0x08002249   Thumb Code    22  printf3.o(i.__0printf$3)
    __1printf$3                              0x08002249   Thumb Code     0  printf3.o(i.__0printf$3)
    __2printf                                0x08002249   Thumb Code     0  printf3.o(i.__0printf$3)
    __scatterload_copy                       0x08002289   Thumb Code    14  handlers.o(i.__scatterload_copy)
    __scatterload_null                       0x08002297   Thumb Code     2  handlers.o(i.__scatterload_null)
    __scatterload_zeroinit                   0x08002299   Thumb Code    14  handlers.o(i.__scatterload_zeroinit)
    delay_us                                 0x08002461   Thumb Code    56  tim.o(i.delay_us)
    dynamicStr_backspace                     0x0800249d   Thumb Code   164  dynamic_string.o(i.dynamicStr_backspace)
    dynamicStr_strcat                        0x08002541   Thumb Code   196  dynamic_string.o(i.dynamicStr_strcat)
    fputc                                    0x08002605   Thumb Code    20  usart.o(i.fputc)
    free                                     0x0800261d   Thumb Code    76  malloc.o(i.free)
    gui_disp_all_clear                       0x0800266d   Thumb Code    30  gui.o(i.gui_disp_all_clear)
    gui_init                                 0x08002695   Thumb Code    30  gui.o(i.gui_init)
    gui_line0Updt_from_keypad                0x080026b9   Thumb Code   352  gui.o(i.gui_line0Updt_from_keypad)
    gui_updtCursor_tim10_500ms               0x08002905   Thumb Code    58  gui.o(i.gui_updtCursor_tim10_500ms)
    main                                     0x08002b05   Thumb Code   122  main.o(i.main)
    malloc                                   0x08002bad   Thumb Code    92  malloc.o(i.malloc)
    AHBPrescTable                            0x08002c18   Data          16  system_stm32f4xx.o(.constdata)
    APBPrescTable                            0x08002c28   Data           8  system_stm32f4xx.o(.constdata)
    Font_Ascii_6X12E                         0x08002c30   Data        1140  font.o(.constdata)
    Font_Ascii_8X16E                         0x080030a4   Data        1520  font.o(.constdata)
    Region$$Table$$Base                      0x08003698   Number         0  anon$$obj.o(Region$$Table)
    Region$$Table$$Limit                     0x080036b8   Number         0  anon$$obj.o(Region$$Table)
    line0_memory                             0x20000008   Data           4  gui.o(.data)
    line0_cursor                             0x2000000c   Data           4  gui.o(.data)
    uwTickFreq                               0x20000010   Data           1  stm32f4xx_hal.o(.data)
    uwTickPrio                               0x20000014   Data           4  stm32f4xx_hal.o(.data)
    uwTick                                   0x20000018   Data           4  stm32f4xx_hal.o(.data)
    SystemCoreClock                          0x2000001c   Data           4  system_stm32f4xx.o(.data)
    KeyVal                                   0x20000026   Data           1  matkeyboard.o(.data)
    Key_updateFlag                           0x20000027   Data           1  matkeyboard.o(.data)
    LCD_GRAM                                 0x20000028   Data         384  st7565.o(.data)
    __stdout                                 0x200001a8   Data           4  stdout.o(.data)
    __microlib_freelist                      0x200001ac   Data           4  mvars.o(.data)
    __microlib_freelist_initialised          0x200001b0   Data           4  mvars.o(.data)
    htim2                                    0x200001b4   Data          72  tim.o(.bss)
    htim10                                   0x200001fc   Data          72  tim.o(.bss)
    htim11                                   0x20000244   Data          72  tim.o(.bss)
    huart1                                   0x2000028c   Data          68  usart.o(.bss)
    line0_disp                               0x200002d0   Data          17  gui.o(.bss)
    __heap_base                              0x200002e8   Data           0  startup_stm32f401xc.o(HEAP)
    __heap_limit                             0x200018e8   Data           0  startup_stm32f401xc.o(HEAP)
    __initial_sp                             0x20004ae8   Data           0  startup_stm32f401xc.o(STACK)



==============================================================================

Memory Map of the image

  Image Entry point : 0x08000195

  Load Region LR_IROM1 (Base: 0x08000000, Size: 0x0000386c, Max: 0x00040000, ABSOLUTE, COMPRESSED[0x000036d0])

    Execution Region ER_IROM1 (Exec base: 0x08000000, Load base: 0x08000000, Size: 0x000036b8, Max: 0x00040000, ABSOLUTE)

    Exec Addr    Load Addr    Size         Type   Attr      Idx    E Section Name        Object

    0x08000000   0x08000000   0x00000194   Data   RO            3    RESET               startup_stm32f401xc.o
    0x08000194   0x08000194   0x00000000   Code   RO         3828  * .ARM.Collect$$$$00000000  mc_w.l(entry.o)
    0x08000194   0x08000194   0x00000004   Code   RO         4130    .ARM.Collect$$$$00000001  mc_w.l(entry2.o)
    0x08000198   0x08000198   0x00000004   Code   RO         4133    .ARM.Collect$$$$00000004  mc_w.l(entry5.o)
    0x0800019c   0x0800019c   0x00000000   Code   RO         4135    .ARM.Collect$$$$00000008  mc_w.l(entry7b.o)
    0x0800019c   0x0800019c   0x00000000   Code   RO         4137    .ARM.Collect$$$$0000000A  mc_w.l(entry8b.o)
    0x0800019c   0x0800019c   0x00000008   Code   RO         4138    .ARM.Collect$$$$0000000B  mc_w.l(entry9a.o)
    0x080001a4   0x080001a4   0x00000004   Code   RO         4145    .ARM.Collect$$$$0000000E  mc_w.l(entry12b.o)
    0x080001a8   0x080001a8   0x00000000   Code   RO         4140    .ARM.Collect$$$$0000000F  mc_w.l(entry10a.o)
    0x080001a8   0x080001a8   0x00000000   Code   RO         4142    .ARM.Collect$$$$00000011  mc_w.l(entry11a.o)
    0x080001a8   0x080001a8   0x00000004   Code   RO         4131    .ARM.Collect$$$$00002712  mc_w.l(entry2.o)
    0x080001ac   0x080001ac   0x00000024   Code   RO            4    .text               startup_stm32f401xc.o
    0x080001d0   0x080001d0   0x00000062   Code   RO         3831    .text               mc_w.l(uldiv.o)
    0x08000232   0x08000232   0x00000024   Code   RO         3833    .text               mc_w.l(memcpya.o)
    0x08000256   0x08000256   0x00000024   Code   RO         3835    .text               mc_w.l(memseta.o)
    0x0800027a   0x0800027a   0x0000000e   Code   RO         3837    .text               mc_w.l(strlen.o)
    0x08000288   0x08000288   0x0000002c   Code   RO         4147    .text               mc_w.l(uidiv.o)
    0x080002b4   0x080002b4   0x0000001e   Code   RO         4149    .text               mc_w.l(llshl.o)
    0x080002d2   0x080002d2   0x00000020   Code   RO         4151    .text               mc_w.l(llushr.o)
    0x080002f2   0x080002f2   0x00000002   PAD
    0x080002f4   0x080002f4   0x00000024   Code   RO         4166    .text               mc_w.l(init.o)
    0x08000318   0x08000318   0x0000003a   Code   RO         4180    .text               mc_w.l(__dczerorl.o)
    0x08000352   0x08000352   0x00000002   Code   RO          345    i.BusFault_Handler  stm32f4xx_it.o
    0x08000354   0x08000354   0x00000016   Code   RO         3590    i.CH452Init         matkeyboard.o
    0x0800036a   0x0800036a   0x00000002   Code   RO          346    i.DebugMon_Handler  stm32f4xx_it.o
    0x0800036c   0x0800036c   0x00000008   Code   RO          347    i.EXTI15_10_IRQHandler  stm32f4xx_it.o
    0x08000374   0x08000374   0x00000008   Code   RO          348    i.EXTI9_5_IRQHandler  stm32f4xx_it.o
    0x0800037c   0x0800037c   0x00000004   Code   RO           13    i.Error_Handler     main.o
    0x08000380   0x08000380   0x00000024   Code   RO         2874    i.HAL_Delay         stm32f4xx_hal.o
    0x080003a4   0x080003a4   0x00000040   Code   RO         3591    i.HAL_GPIO_EXTI_Callback  matkeyboard.o
    0x080003e4   0x080003e4   0x00000018   Code   RO         2323    i.HAL_GPIO_EXTI_IRQHandler  stm32f4xx_hal_gpio.o
    0x080003fc   0x080003fc   0x000001a4   Code   RO         2324    i.HAL_GPIO_Init     stm32f4xx_hal_gpio.o
    0x080005a0   0x080005a0   0x0000000a   Code   RO         2326    i.HAL_GPIO_ReadPin  stm32f4xx_hal_gpio.o
    0x080005aa   0x080005aa   0x0000000a   Code   RO         2328    i.HAL_GPIO_WritePin  stm32f4xx_hal_gpio.o
    0x080005b4   0x080005b4   0x0000000c   Code   RO         2880    i.HAL_GetTick       stm32f4xx_hal.o
    0x080005c0   0x080005c0   0x00000010   Code   RO         2886    i.HAL_IncTick       stm32f4xx_hal.o
    0x080005d0   0x080005d0   0x00000034   Code   RO         2887    i.HAL_Init          stm32f4xx_hal.o
    0x08000604   0x08000604   0x00000040   Code   RO         2888    i.HAL_InitTick      stm32f4xx_hal.o
    0x08000644   0x08000644   0x00000030   Code   RO          438    i.HAL_MspInit       stm32f4xx_hal_msp.o
    0x08000674   0x08000674   0x0000001a   Code   RO         2737    i.HAL_NVIC_EnableIRQ  stm32f4xx_hal_cortex.o
    0x0800068e   0x0800068e   0x00000002   PAD
    0x08000690   0x08000690   0x00000040   Code   RO         2743    i.HAL_NVIC_SetPriority  stm32f4xx_hal_cortex.o
    0x080006d0   0x080006d0   0x00000024   Code   RO         2744    i.HAL_NVIC_SetPriorityGrouping  stm32f4xx_hal_cortex.o
    0x080006f4   0x080006f4   0x00000134   Code   RO         1946    i.HAL_RCC_ClockConfig  stm32f4xx_hal_rcc.o
    0x08000828   0x08000828   0x00000020   Code   RO         1953    i.HAL_RCC_GetPCLK1Freq  stm32f4xx_hal_rcc.o
    0x08000848   0x08000848   0x00000020   Code   RO         1954    i.HAL_RCC_GetPCLK2Freq  stm32f4xx_hal_rcc.o
    0x08000868   0x08000868   0x00000060   Code   RO         1955    i.HAL_RCC_GetSysClockFreq  stm32f4xx_hal_rcc.o
    0x080008c8   0x080008c8   0x00000358   Code   RO         1958    i.HAL_RCC_OscConfig  stm32f4xx_hal_rcc.o
    0x08000c20   0x08000c20   0x00000028   Code   RO         2748    i.HAL_SYSTICK_Config  stm32f4xx_hal_cortex.o
    0x08000c48   0x08000c48   0x00000002   Code   RO         1678    i.HAL_TIMEx_BreakCallback  stm32f4xx_hal_tim_ex.o
    0x08000c4a   0x08000c4a   0x00000002   Code   RO         1679    i.HAL_TIMEx_CommutCallback  stm32f4xx_hal_tim_ex.o
    0x08000c4c   0x08000c4c   0x0000007c   Code   RO         1697    i.HAL_TIMEx_MasterConfigSynchronization  stm32f4xx_hal_tim_ex.o
    0x08000cc8   0x08000cc8   0x0000005a   Code   RO          974    i.HAL_TIM_Base_Init  stm32f4xx_hal_tim.o
    0x08000d22   0x08000d22   0x00000002   PAD
    0x08000d24   0x08000d24   0x00000054   Code   RO          213    i.HAL_TIM_Base_MspInit  tim.o
    0x08000d78   0x08000d78   0x00000064   Code   RO          977    i.HAL_TIM_Base_Start  stm32f4xx_hal_tim.o
    0x08000ddc   0x08000ddc   0x0000006c   Code   RO          979    i.HAL_TIM_Base_Start_IT  stm32f4xx_hal_tim.o
    0x08000e48   0x08000e48   0x00000026   Code   RO          980    i.HAL_TIM_Base_Stop  stm32f4xx_hal_tim.o
    0x08000e6e   0x08000e6e   0x00000002   Code   RO         1008    i.HAL_TIM_IC_CaptureCallback  stm32f4xx_hal_tim.o
    0x08000e70   0x08000e70   0x00000166   Code   RO         1022    i.HAL_TIM_IRQHandler  stm32f4xx_hal_tim.o
    0x08000fd6   0x08000fd6   0x00000002   PAD
    0x08000fd8   0x08000fd8   0x00000050   Code   RO          214    i.HAL_TIM_MspPostInit  tim.o
    0x08001028   0x08001028   0x00000002   Code   RO         1025    i.HAL_TIM_OC_DelayElapsedCallback  stm32f4xx_hal_tim.o
    0x0800102a   0x0800102a   0x000000cc   Code   RO         1046    i.HAL_TIM_PWM_ConfigChannel  stm32f4xx_hal_tim.o
    0x080010f6   0x080010f6   0x0000005a   Code   RO         1049    i.HAL_TIM_PWM_Init  stm32f4xx_hal_tim.o
    0x08001150   0x08001150   0x00000024   Code   RO          216    i.HAL_TIM_PWM_MspInit  tim.o
    0x08001174   0x08001174   0x00000002   Code   RO         1052    i.HAL_TIM_PWM_PulseFinishedCallback  stm32f4xx_hal_tim.o
    0x08001176   0x08001176   0x00000002   PAD
    0x08001178   0x08001178   0x000000b8   Code   RO         1054    i.HAL_TIM_PWM_Start  stm32f4xx_hal_tim.o
    0x08001230   0x08001230   0x00000030   Code   RO          217    i.HAL_TIM_PeriodElapsedCallback  tim.o
    0x08001260   0x08001260   0x00000002   Code   RO         1065    i.HAL_TIM_TriggerCallback  stm32f4xx_hal_tim.o
    0x08001262   0x08001262   0x00000062   Code   RO         3154    i.HAL_UART_Init     stm32f4xx_hal_uart.o
    0x080012c4   0x080012c4   0x0000006c   Code   RO          298    i.HAL_UART_MspInit  usart.o
    0x08001330   0x08001330   0x000000b0   Code   RO         3162    i.HAL_UART_Transmit  stm32f4xx_hal_uart.o
    0x080013e0   0x080013e0   0x00000002   Code   RO          349    i.HardFault_Handler  stm32f4xx_it.o
    0x080013e2   0x080013e2   0x00000002   PAD
    0x080013e4   0x080013e4   0x000000c8   Code   RO         3592    i.IIC_Read_Byte     matkeyboard.o
    0x080014ac   0x080014ac   0x0000006c   Code   RO         3593    i.IIC_Send_Byte     matkeyboard.o
    0x08001518   0x08001518   0x00000050   Code   RO         3594    i.IIC_Start         matkeyboard.o
    0x08001568   0x08001568   0x00000018   Code   RO         3679    i.LCD_ClearGRAM     st7565.o
    0x08001580   0x08001580   0x0000009a   Code   RO         3681    i.LCD_DrawLine      st7565.o
    0x0800161a   0x0800161a   0x00000002   PAD
    0x0800161c   0x0800161c   0x00000030   Code   RO         3682    i.LCD_DrawPoint     st7565.o
    0x0800164c   0x0800164c   0x00000058   Code   RO         3684    i.LCD_GRAM_Update   st7565.o
    0x080016a4   0x080016a4   0x000000d8   Code   RO         3685    i.LCD_Init          st7565.o
    0x0800177c   0x0800177c   0x0000005c   Code   RO         3687    i.LCD_Send_Cmd      st7565.o
    0x080017d8   0x080017d8   0x00000058   Code   RO         3688    i.LCD_Send_Data     st7565.o
    0x08001830   0x08001830   0x00000068   Code   RO         3690    i.LCD_ShowChar6x12  st7565.o
    0x08001898   0x08001898   0x00000054   Code   RO         3691    i.LCD_ShowChar8x16  st7565.o
    0x080018ec   0x080018ec   0x00000058   Code   RO         3693    i.LCD_ShowStr       st7565.o
    0x08001944   0x08001944   0x0000008e   Code   RO         3694    i.LCD_StatusBarClear  st7565.o
    0x080019d2   0x080019d2   0x00000036   Code   RO         3695    i.LCD_StatusBarSet  st7565.o
    0x08001a08   0x08001a08   0x00000010   Code   RO         3546    i.LED_B             led.o
    0x08001a18   0x08001a18   0x00000010   Code   RO         3547    i.LED_G             led.o
    0x08001a28   0x08001a28   0x00000084   Code   RO         3548    i.LED_Grad          led.o
    0x08001aac   0x08001aac   0x00000010   Code   RO         3549    i.LED_R             led.o
    0x08001abc   0x08001abc   0x00000040   Code   RO         3595    i.MK_IIC_Read       matkeyboard.o
    0x08001afc   0x08001afc   0x000000a0   Code   RO         3596    i.MK_IIC_Write      matkeyboard.o
    0x08001b9c   0x08001b9c   0x00000108   Code   RO          188    i.MX_GPIO_Init      gpio.o
    0x08001ca4   0x08001ca4   0x00000034   Code   RO          218    i.MX_TIM10_Init     tim.o
    0x08001cd8   0x08001cd8   0x00000034   Code   RO          219    i.MX_TIM11_Init     tim.o
    0x08001d0c   0x08001d0c   0x00000090   Code   RO          220    i.MX_TIM2_Init      tim.o
    0x08001d9c   0x08001d9c   0x00000038   Code   RO          299    i.MX_USART1_UART_Init  usart.o
    0x08001dd4   0x08001dd4   0x00000002   Code   RO          350    i.MemManage_Handler  stm32f4xx_it.o
    0x08001dd6   0x08001dd6   0x00000002   Code   RO          351    i.NMI_Handler       stm32f4xx_it.o
    0x08001dd8   0x08001dd8   0x00000002   Code   RO          352    i.PendSV_Handler    stm32f4xx_it.o
    0x08001dda   0x08001dda   0x00000002   PAD
    0x08001ddc   0x08001ddc   0x0000002c   Code   RO         3597    i.SDA_OUT           matkeyboard.o
    0x08001e08   0x08001e08   0x00000002   Code   RO          353    i.SVC_Handler       stm32f4xx_it.o
    0x08001e0a   0x08001e0a   0x00000004   Code   RO          354    i.SysTick_Handler   stm32f4xx_it.o
    0x08001e0e   0x08001e0e   0x00000002   PAD
    0x08001e10   0x08001e10   0x00000094   Code   RO           14    i.SystemClock_Config  main.o
    0x08001ea4   0x08001ea4   0x00000010   Code   RO         3483    i.SystemInit        system_stm32f4xx.o
    0x08001eb4   0x08001eb4   0x0000000c   Code   RO          355    i.TIM1_UP_TIM10_IRQHandler  stm32f4xx_it.o
    0x08001ec0   0x08001ec0   0x00000098   Code   RO         1067    i.TIM_Base_SetConfig  stm32f4xx_hal_tim.o
    0x08001f58   0x08001f58   0x0000001a   Code   RO         1068    i.TIM_CCxChannelCmd  stm32f4xx_hal_tim.o
    0x08001f72   0x08001f72   0x00000002   PAD
    0x08001f74   0x08001f74   0x00000058   Code   RO         1080    i.TIM_OC1_SetConfig  stm32f4xx_hal_tim.o
    0x08001fcc   0x08001fcc   0x0000005c   Code   RO         1081    i.TIM_OC2_SetConfig  stm32f4xx_hal_tim.o
    0x08002028   0x08002028   0x00000058   Code   RO         1082    i.TIM_OC3_SetConfig  stm32f4xx_hal_tim.o
    0x08002080   0x08002080   0x00000044   Code   RO         1083    i.TIM_OC4_SetConfig  stm32f4xx_hal_tim.o
    0x080020c4   0x080020c4   0x0000010c   Code   RO         3180    i.UART_SetConfig    stm32f4xx_hal_uart.o
    0x080021d0   0x080021d0   0x00000076   Code   RO         3183    i.UART_WaitOnFlagUntilTimeout  stm32f4xx_hal_uart.o
    0x08002246   0x08002246   0x00000002   Code   RO          356    i.UsageFault_Handler  stm32f4xx_it.o
    0x08002248   0x08002248   0x00000020   Code   RO         3930    i.__0printf$3       mc_w.l(printf3.o)
    0x08002268   0x08002268   0x00000020   Code   RO         2750    i.__NVIC_SetPriority  stm32f4xx_hal_cortex.o
    0x08002288   0x08002288   0x0000000e   Code   RO         4174    i.__scatterload_copy  mc_w.l(handlers.o)
    0x08002296   0x08002296   0x00000002   Code   RO         4175    i.__scatterload_null  mc_w.l(handlers.o)
    0x08002298   0x08002298   0x0000000e   Code   RO         4176    i.__scatterload_zeroinit  mc_w.l(handlers.o)
    0x080022a6   0x080022a6   0x00000002   PAD
    0x080022a8   0x080022a8   0x000001b8   Code   RO         3937    i._printf_core      mc_w.l(printf3.o)
    0x08002460   0x08002460   0x0000003c   Code   RO          221    i.delay_us          tim.o
    0x0800249c   0x0800249c   0x000000a4   Code   RO         3804    i.dynamicStr_backspace  dynamic_string.o
    0x08002540   0x08002540   0x000000c4   Code   RO         3805    i.dynamicStr_strcat  dynamic_string.o
    0x08002604   0x08002604   0x00000018   Code   RO          300    i.fputc             usart.o
    0x0800261c   0x0800261c   0x00000050   Code   RO         4102    i.free              mc_w.l(malloc.o)
    0x0800266c   0x0800266c   0x00000028   Code   RO          465    i.gui_disp_all_clear  gui.o
    0x08002694   0x08002694   0x00000024   Code   RO          466    i.gui_init          gui.o
    0x080026b8   0x080026b8   0x000001a8   Code   RO          467    i.gui_line0Updt_from_keypad  gui.o
    0x08002860   0x08002860   0x00000040   Code   RO          468    i.gui_line0_displayUpdt  gui.o
    0x080028a0   0x080028a0   0x00000064   Code   RO          469    i.gui_updtCursor    gui.o
    0x08002904   0x08002904   0x00000040   Code   RO          470    i.gui_updtCursor_tim10_500ms  gui.o
    0x08002944   0x08002944   0x000001c0   Code   RO          471    i.line0Cursor_scroll  gui.o
    0x08002b04   0x08002b04   0x000000a8   Code   RO           15    i.main              main.o
    0x08002bac   0x08002bac   0x0000006c   Code   RO         4103    i.malloc            mc_w.l(malloc.o)
    0x08002c18   0x08002c18   0x00000010   Data   RO         3484    .constdata          system_stm32f4xx.o
    0x08002c28   0x08002c28   0x00000008   Data   RO         3485    .constdata          system_stm32f4xx.o
    0x08002c30   0x08002c30   0x00000474   Data   RO         3521    .constdata          font.o
    0x080030a4   0x080030a4   0x000005f0   Data   RO         3522    .constdata          font.o
    0x08003694   0x08003694   0x00000001   Data   RO          473    .conststring        gui.o
    0x08003695   0x08003695   0x00000003   PAD
    0x08003698   0x08003698   0x00000020   Data   RO         4172    Region$$Table       anon$$obj.o


    Execution Region RW_IRAM1 (Exec base: 0x20000000, Load base: 0x080036b8, Size: 0x00004ae8, Max: 0x00010000, ABSOLUTE, COMPRESSED[0x00000018])

    Exec Addr    Load Addr    Size         Type   Attr      Idx    E Section Name        Object

    0x20000000   COMPRESSED   0x00000001   Data   RW          223    .data               tim.o
    0x20000001   COMPRESSED   0x00000003   PAD
    0x20000004   COMPRESSED   0x0000000c   Data   RW          474    .data               gui.o
    0x20000010   COMPRESSED   0x0000000c   Data   RW         2894    .data               stm32f4xx_hal.o
    0x2000001c   COMPRESSED   0x00000004   Data   RW         3486    .data               system_stm32f4xx.o
    0x20000020   COMPRESSED   0x00000006   Data   RW         3550    .data               led.o
    0x20000026   COMPRESSED   0x00000002   Data   RW         3598    .data               matkeyboard.o
    0x20000028   COMPRESSED   0x00000180   Data   RW         3696    .data               st7565.o
    0x200001a8   COMPRESSED   0x00000004   Data   RW         4146    .data               mc_w.l(stdout.o)
    0x200001ac   COMPRESSED   0x00000004   Data   RW         4153    .data               mc_w.l(mvars.o)
    0x200001b0   COMPRESSED   0x00000004   Data   RW         4154    .data               mc_w.l(mvars.o)
    0x200001b4        -       0x000000d8   Zero   RW          222    .bss                tim.o
    0x2000028c        -       0x00000044   Zero   RW          301    .bss                usart.o
    0x200002d0        -       0x00000011   Zero   RW          472    .bss                gui.o
    0x200002e1   COMPRESSED   0x00000007   PAD
    0x200002e8        -       0x00001600   Zero   RW            2    HEAP                startup_stm32f401xc.o
    0x200018e8        -       0x00003200   Zero   RW            1    STACK               startup_stm32f401xc.o


==============================================================================

Image component sizes


      Code (inc. data)   RO Data    RW Data    ZI Data      Debug   Object Name

       360          0          0          0          0       1927   dynamic_string.o
         0          0       2660          0          0        652   font.o
       264         18          0          0          0       1071   gpio.o
      1176        286          1         12         17       6064   gui.o
       180         16          0          6          0       2475   led.o
       320         56          0          0          0     419052   main.o
       742         50          0          2          0       5682   matkeyboard.o
      1182         44          0        384          0       9995   st7565.o
        36          8        404          0      18432        856   startup_stm32f401xc.o
       180         30          0         12          0       9441   stm32f4xx_hal.o
       198         14          0          0          0      34035   stm32f4xx_hal_cortex.o
       464         38          0          0          0       3654   stm32f4xx_hal_gpio.o
        48          6          0          0          0        898   stm32f4xx_hal_msp.o
      1324         72          0          0          0       5500   stm32f4xx_hal_rcc.o
      1694        114          0          0          0      15061   stm32f4xx_hal_tim.o
       128         20          0          0          0       2621   stm32f4xx_hal_tim_ex.o
       660         10          0          0          0       4276   stm32f4xx_hal_uart.o
        48          6          0          0          0       5845   stm32f4xx_it.o
        16          4         24          4          0       1187   system_stm32f4xx.o
       556         60          0          1        216       5687   tim.o
       188         26          0          0         68       2378   usart.o

    ----------------------------------------------------------------------
      9782        878       3124        424      18740     538357   Object Totals
         0          0         32          0          0          0   (incl. Generated)
        18          0          3          3          7          0   (incl. Padding)

    ----------------------------------------------------------------------

      Code (inc. data)   RO Data    RW Data    ZI Data      Debug   Library Member Name

        58          0          0          0          0          0   __dczerorl.o
         0          0          0          0          0          0   entry.o
         0          0          0          0          0          0   entry10a.o
         0          0          0          0          0          0   entry11a.o
         4          0          0          0          0          0   entry12b.o
         8          4          0          0          0          0   entry2.o
         4          0          0          0          0          0   entry5.o
         0          0          0          0          0          0   entry7b.o
         0          0          0          0          0          0   entry8b.o
         8          4          0          0          0          0   entry9a.o
        30          0          0          0          0          0   handlers.o
        36          8          0          0          0         68   init.o
        30          0          0          0          0         68   llshl.o
        32          0          0          0          0         68   llushr.o
       188         20          0          0          0        160   malloc.o
        36          0          0          0          0         68   memcpya.o
        36          0          0          0          0        108   memseta.o
         0          0          0          8          0          0   mvars.o
       472         14          0          0          0        184   printf3.o
         0          0          0          4          0          0   stdout.o
        14          0          0          0          0         68   strlen.o
        44          0          0          0          0         80   uidiv.o
        98          0          0          0          0         92   uldiv.o

    ----------------------------------------------------------------------
      1102         50          0         12          0        964   Library Totals
         4          0          0          0          0          0   (incl. Padding)

    ----------------------------------------------------------------------

      Code (inc. data)   RO Data    RW Data    ZI Data      Debug   Library Name

      1098         50          0         12          0        964   mc_w.l

    ----------------------------------------------------------------------
      1102         50          0         12          0        964   Library Totals

    ----------------------------------------------------------------------

==============================================================================


      Code (inc. data)   RO Data    RW Data    ZI Data      Debug   

     10884        928       3124        436      18740     529289   Grand Totals
     10884        928       3124         24      18740     529289   ELF Image Totals (compressed)
     10884        928       3124         24          0          0   ROM Totals

==============================================================================

    Total RO  Size (Code + RO Data)                14008 (  13.68kB)
    Total RW  Size (RW Data + ZI Data)             19176 (  18.73kB)
    Total ROM Size (Code + RO Data + RW Data)      14032 (  13.70kB)

==============================================================================

